Archive member included to satisfy reference by file (symbol)

/usr/lib/gcc/arm-none-eabi/13.2.1/../../../arm-none-eabi/lib/thumb/v7e-m+fp/hard/libc_nano.a(libc_a-sprintf.o)
                              build/robot.o (sprintf)
/usr/lib/gcc/arm-none-eabi/13.2.1/../../../arm-none-eabi/lib/thumb/v7e-m+fp/hard/libc_nano.a(libc_a-impure.o)
                              /usr/lib/gcc/arm-none-eabi/13.2.1/../../../arm-none-eabi/lib/thumb/v7e-m+fp/hard/libc_nano.a(libc_a-sprintf.o) (_impure_ptr)
/usr/lib/gcc/arm-none-eabi/13.2.1/../../../arm-none-eabi/lib/thumb/v7e-m+fp/hard/libc_nano.a(libc_a-nano-svfprintf.o)
                              /usr/lib/gcc/arm-none-eabi/13.2.1/../../../arm-none-eabi/lib/thumb/v7e-m+fp/hard/libc_nano.a(libc_a-sprintf.o) (_svfprintf_r)
/usr/lib/gcc/arm-none-eabi/13.2.1/../../../arm-none-eabi/lib/thumb/v7e-m+fp/hard/libc_nano.a(libc_a-init.o)
                              /usr/lib/gcc/arm-none-eabi/13.2.1/../../../arm-none-eabi/lib/thumb/v7e-m+fp/hard/crt0.o (__libc_init_array)
/usr/lib/gcc/arm-none-eabi/13.2.1/../../../arm-none-eabi/lib/thumb/v7e-m+fp/hard/libc_nano.a(libc_a-puts.o)
                              build/ak60_uart_handle.o (puts)
/usr/lib/gcc/arm-none-eabi/13.2.1/../../../arm-none-eabi/lib/thumb/v7e-m+fp/hard/libc_nano.a(libc_a-findfp.o)
                              /usr/lib/gcc/arm-none-eabi/13.2.1/../../../arm-none-eabi/lib/thumb/v7e-m+fp/hard/libc_nano.a(libc_a-puts.o) (__sinit)
/usr/lib/gcc/arm-none-eabi/13.2.1/../../../arm-none-eabi/lib/thumb/v7e-m+fp/hard/libc_nano.a(libc_a-strlen.o)
                              build/robot.o (strlen)
/usr/lib/gcc/arm-none-eabi/13.2.1/../../../arm-none-eabi/lib/thumb/v7e-m+fp/hard/libc_nano.a(libc_a-memset.o)
                              /usr/lib/gcc/arm-none-eabi/13.2.1/../../../arm-none-eabi/lib/thumb/v7e-m+fp/hard/crt0.o (memset)
/usr/lib/gcc/arm-none-eabi/13.2.1/../../../arm-none-eabi/lib/thumb/v7e-m+fp/hard/libc_nano.a(libc_a-fflush.o)
                              /usr/lib/gcc/arm-none-eabi/13.2.1/../../../arm-none-eabi/lib/thumb/v7e-m+fp/hard/libc_nano.a(libc_a-findfp.o) (_fflush_r)
/usr/lib/gcc/arm-none-eabi/13.2.1/../../../arm-none-eabi/lib/thumb/v7e-m+fp/hard/libc_nano.a(libc_a-putchar.o)
                              build/ak60_uart_handle.o (putchar)
/usr/lib/gcc/arm-none-eabi/13.2.1/../../../arm-none-eabi/lib/thumb/v7e-m+fp/hard/libc_nano.a(libc_a-errno.o)
                              build/sysmem.o (__errno)
/usr/lib/gcc/arm-none-eabi/13.2.1/../../../arm-none-eabi/lib/thumb/v7e-m+fp/hard/libc_nano.a(libc_a-nano-vfprintf_float.o)
                              /usr/lib/gcc/arm-none-eabi/13.2.1/../../../arm-none-eabi/lib/thumb/v7e-m+fp/hard/libc_nano.a(libc_a-nano-svfprintf.o) (_printf_float)
/usr/lib/gcc/arm-none-eabi/13.2.1/../../../arm-none-eabi/lib/thumb/v7e-m+fp/hard/libc_nano.a(libc_a-mallocr.o)
                              /usr/lib/gcc/arm-none-eabi/13.2.1/../../../arm-none-eabi/lib/thumb/v7e-m+fp/hard/libc_nano.a(libc_a-nano-svfprintf.o) (_malloc_r)
/usr/lib/gcc/arm-none-eabi/13.2.1/../../../arm-none-eabi/lib/thumb/v7e-m+fp/hard/libc_nano.a(libc_a-dtoa.o)
                              /usr/lib/gcc/arm-none-eabi/13.2.1/../../../arm-none-eabi/lib/thumb/v7e-m+fp/hard/libc_nano.a(libc_a-nano-vfprintf_float.o) (_dtoa_r)
/usr/lib/gcc/arm-none-eabi/13.2.1/../../../arm-none-eabi/lib/thumb/v7e-m+fp/hard/libc_nano.a(libc_a-freer.o)
                              /usr/lib/gcc/arm-none-eabi/13.2.1/../../../arm-none-eabi/lib/thumb/v7e-m+fp/hard/libc_nano.a(libc_a-nano-svfprintf.o) (_free_r)
/usr/lib/gcc/arm-none-eabi/13.2.1/../../../arm-none-eabi/lib/thumb/v7e-m+fp/hard/libc_nano.a(libc_a-memmove.o)
                              /usr/lib/gcc/arm-none-eabi/13.2.1/../../../arm-none-eabi/lib/thumb/v7e-m+fp/hard/libc_nano.a(libc_a-nano-svfprintf.o) (memmove)
/usr/lib/gcc/arm-none-eabi/13.2.1/../../../arm-none-eabi/lib/thumb/v7e-m+fp/hard/libc_nano.a(libc_a-fwalk.o)
                              /usr/lib/gcc/arm-none-eabi/13.2.1/../../../arm-none-eabi/lib/thumb/v7e-m+fp/hard/libc_nano.a(libc_a-findfp.o) (_fwalk_sglue)
/usr/lib/gcc/arm-none-eabi/13.2.1/../../../arm-none-eabi/lib/thumb/v7e-m+fp/hard/libc_nano.a(libc_a-memchr.o)
                              /usr/lib/gcc/arm-none-eabi/13.2.1/../../../arm-none-eabi/lib/thumb/v7e-m+fp/hard/libc_nano.a(libc_a-nano-svfprintf.o) (memchr)
/usr/lib/gcc/arm-none-eabi/13.2.1/../../../arm-none-eabi/lib/thumb/v7e-m+fp/hard/libc_nano.a(libc_a-wsetup.o)
                              /usr/lib/gcc/arm-none-eabi/13.2.1/../../../arm-none-eabi/lib/thumb/v7e-m+fp/hard/libc_nano.a(libc_a-puts.o) (__swsetup_r)
/usr/lib/gcc/arm-none-eabi/13.2.1/../../../arm-none-eabi/lib/thumb/v7e-m+fp/hard/libc_nano.a(libc_a-memcpy.o)
                              build/ak60_uart_handle.o (memcpy)
/usr/lib/gcc/arm-none-eabi/13.2.1/../../../arm-none-eabi/lib/thumb/v7e-m+fp/hard/libc_nano.a(libc_a-malloc.o)
[...]
Memory Configuration

Name             Origin             Length             Attributes
RAM              0x20000000         0x00020000         xrw
CCMRAM           0x10000000         0x00010000         xrw
FLASH            0x08000000         0x00100000         xr
*default*        0x00000000         0xffffffff

Linker script and memory map

LOAD /usr/lib/gcc/arm-none-eabi/13.2.1/thumb/v7e-m+fp/hard/crti.o
LOAD /usr/lib/gcc/arm-none-eabi/13.2.1/thumb/v7e-m+fp/hard/crtbegin.o
LOAD /usr/lib/gcc/arm-none-eabi/13.2.1/../../../arm-none-eabi/lib/thumb/v7e-m+fp/hard/crt0.o
LOAD build/main.o
LOAD build/gpio.o
LOAD build/dma.o
LOAD build/usart.o
LOAD build/stm32f4xx_it.o
LOAD build/stm32f4xx_hal_msp.o
LOAD build/stm32f4xx_hal_tim.o
LOAD build/stm32f4xx_hal_tim_ex.o
LOAD build/stm32f4xx_hal_uart.o
LOAD build/stm32f4xx_hal_rcc.o
LOAD build/stm32f4xx_hal_rcc_ex.o
LOAD build/stm32f4xx_hal_flash.o
LOAD build/stm32f4xx_hal_flash_ex.o
LOAD build/stm32f4xx_hal_flash_ramfunc.o
LOAD build/stm32f4xx_hal_gpio.o
LOAD build/stm32f4xx_hal_dma_ex.o
LOAD build/stm32f4xx_hal_dma.o
LOAD build/stm32f4xx_hal_pwr.o
LOAD build/stm32f4xx_hal_pwr_ex.o
LOAD build/stm32f4xx_hal_cortex.o
LOAD build/stm32f4xx_hal.o
LOAD build/stm32f4xx_hal_exti.o
LOAD build/system_stm32f4xx.o
LOAD build/sysmem.o
LOAD build/syscalls.o
LOAD build/printf_config.o
LOAD build/tim.o
LOAD build/usb_device.o
LOAD build/usbd_desc.o
LOAD build/usbd_cdc_if.o
LOAD build/usbd_conf.o
LOAD build/stm32f4xx_hal_pcd.o
LOAD build/stm32f4xx_hal_pcd_ex.o
LOAD build/stm32f4xx_ll_usb.o
LOAD build/usbd_core.o
LOAD build/usbd_ctlreq.o
LOAD build/usbd_ioreq.o
LOAD build/usbd_cdc.o
LOAD build/startup_stm32f407xx.o
LOAD build/robot.o
LOAD build/ak60.o
LOAD build/crc16.o
LOAD build/buffer.o
LOAD build/ak60_uart_handle.o
LOAD build/bno08.o
LOAD build/encoder.o
LOAD /usr/lib/gcc/arm-none-eabi/13.2.1/../../../arm-none-eabi/lib/thumb/v7e-m+fp/hard/libc_nano.a
LOAD /usr/lib/gcc/arm-none-eabi/13.2.1/../../../arm-none-eabi/lib/thumb/v7e-m+fp/hard/libm.a
LOAD /usr/lib/gcc/arm-none-eabi/13.2.1/../../../arm-none-eabi/lib/thumb/v7e-m+fp/hard/libnosys.a
START GROUP
LOAD /usr/lib/gcc/arm-none-eabi/13.2.1/thumb/v7e-m+fp/hard/libgcc.a
LOAD /usr/lib/gcc/arm-none-eabi/13.2.1/../../../arm-none-eabi/lib/thumb/v7e-m+fp/hard/libc_nano.a
END GROUP
START GROUP
LOAD /usr/lib/gcc/arm-none-eabi/13.2.1/thumb/v7e-m+fp/hard/libgcc.a
LOAD /usr/lib/gcc/arm-none-eabi/13.2.1/../../../arm-none-eabi/lib/thumb/v7e-m+fp/hard/libc_nano.a
LOAD /usr/lib/gcc/arm-none-eabi/13.2.1/../../../arm-none-eabi/lib/thumb/v7e-m+fp/hard/libnosys.a
END GROUP
START GROUP
LOAD /usr/lib/gcc/arm-none-eabi/13.2.1/thumb/v7e-m+fp/hard/libgcc.a
LOAD /usr/lib/gcc/arm-none-eabi/13.2.1/../../../arm-none-eabi/lib/thumb/v7e-m+fp/hard/libc_nano.a
LOAD /usr/lib/gcc/arm-none-eabi/13.2.1/../../../arm-none-eabi/lib/thumb/v7e-m+fp/hard/libnosys.a
END GROUP
LOAD /usr/lib/gcc/arm-none-eabi/13.2.1/thumb/v7e-m+fp/hard/crtend.o
LOAD /usr/lib/gcc/arm-none-eabi/13.2.1/thumb/v7e-m+fp/hard/crtn.o
                0x20020000                        _estack = (ORIGIN (RAM) + LENGTH (RAM))
                0x00000200                        _Min_Heap_Size = 0x200
                0x00000400                        _Min_Stack_Size = 0x400

.isr_vector     0x08000000      0x188
                0x08000000                        . = ALIGN (0x4)
 *(.isr_vector)
 .isr_vector    0x08000000      0x188 build/startup_stm32f407xx.o
                0x08000000                g_pfnVectors
                0x08000188                        . = ALIGN (0x4)

.text           0x080001c0     0xa014
                0x080001c0                        . = ALIGN (0x4)
 *(.text)
 .text          0x080001c0       0x88 /usr/lib/gcc/arm-none-eabi/13.2.1/thumb/v7e-m+fp/hard/crtbegin.o
 .text          0x08000248       0x50 /usr/lib/gcc/arm-none-eabi/13.2.1/../../../arm-none-eabi/lib/thumb/v7e-m+fp/hard/libc_nano.a(libc_a-init.o)
                0x08000248                __libc_init_array
 .text          0x08000298       0xa0 /usr/lib/gcc/arm-none-eabi/13.2.1/../../../arm-none-eabi/lib/thumb/v7e-m+fp/hard/libc_nano.a(libc_a-puts.o)
                0x08000298                _puts_r
                0x08000328                puts
 .text          0x08000338      0x224 /usr/lib/gcc/arm-none-eabi/13.2.1/../../../arm-none-eabi/lib/thumb/v7e-m+fp/hard/libc_nano.a(libc_a-findfp.o)
                0x08000468                __sfp
                0x0800050c                __sinit
                0x0800052c                __sfp_lock_acquire
                0x08000530                __sfp_lock_release
                0x08000534                __fp_lock_all
                0x08000548                __fp_unlock_all
 *fill*         0x0800055c       0x24 
 .text          0x08000580       0xd8 /usr/lib/gcc/arm-none-eabi/13.2.1/../../../arm-none-eabi/lib/thumb/v7e-m+fp/hard/libc_nano.a(libc_a-strlen.o)
                0x08000580                strlen
 .text          0x08000658       0xa4 /usr/lib/gcc/arm-none-eabi/13.2.1/../../../arm-none-eabi/lib/thumb/v7e-m+fp/hard/libc_nano.a(libc_a-memset.o)
                0x08000658                memset
 .text          0x080006fc      0x1a8 /usr/lib/gcc/arm-none-eabi/13.2.1/../../../arm-none-eabi/lib/thumb/v7e-m+fp/hard/libc_nano.a(libc_a-fflush.o)
                0x080006fc                __sflush_r
                0x08000820                _fflush_r
                0x08000858                fflush
 .text          0x080008a4       0x18 /usr/lib/gcc/arm-none-eabi/13.2.1/../../../arm-none-eabi/lib/thumb/v7e-m+fp/hard/libc_nano.a(libc_a-putchar.o)
                0x080008a4                _putchar_r
                0x080008ac                putchar
 .text          0x080008bc        0xc /usr/lib/gcc/arm-none-eabi/13.2.1/../../../arm-none-eabi/lib/thumb/v7e-m+fp/hard/libc_nano.a(libc_a-errno.o)
                0x080008bc                __errno
 .text          0x080008c8      0x6b0 /usr/lib/gcc/arm-none-eabi/13.2.1/../../../arm-none-eabi/lib/thumb/v7e-m+fp/hard/libc_nano.a(libc_a-nano-vfprintf_float.o)
                0x080008c8                __cvt
                0x080009d8                __exponent
                0x08000a5c                _printf_float
 .text          0x08000f78      0x148 /usr/lib/gcc/arm-none-eabi/13.2.1/../../../arm-none-eabi/lib/thumb/v7e-m+fp/hard/libc_nano.a(libc_a-mallocr.o)
                0x08000fc0                _malloc_r
 .text          0x080010c0      0xfdc /usr/lib/gcc/arm-none-eabi/13.2.1/../../../arm-none-eabi/lib/thumb/v7e-m+fp/hard/libc_nano.a(libc_a-dtoa.o)
                0x080011ec                _dtoa_r
 .text          0x0800209c       0xbc /usr/lib/gcc/arm-none-eabi/13.2.1/../../../arm-none-eabi/lib/thumb/v7e-m+fp/hard/libc_nano.a(libc_a-freer.o)
                0x0800209c                _free_r
 .text          0x08002158      0x100 /usr/lib/gcc/arm-none-eabi/13.2.1/../../../arm-none-eabi/lib/thumb/v7e-m+fp/hard/libc_nano.a(libc_a-memmove.o)
                0x08002158                memmove
 .text          0x08002258       0x44 /usr/lib/gcc/arm-none-eabi/13.2.1/../../../arm-none-eabi/lib/thumb/v7e-m+fp/hard/libc_nano.a(libc_a-fwalk.o)
                0x08002258                _fwalk_sglue
 *fill*         0x0800229c        0x4 
 .text          0x080022a0       0xa0 /usr/lib/gcc/arm-none-eabi/13.2.1/../../../arm-none-eabi/lib/thumb/v7e-m+fp/hard/libc_nano.a(libc_a-memchr.o)
                0x080022a0                memchr
 .text          0x08002340       0xc4 /usr/lib/gcc/arm-none-eabi/13.2.1/../../../arm-none-eabi/lib/thumb/v7e-m+fp/hard/libc_nano.a(libc_a-wsetup.o)
                0x08002340                __swsetup_r
 .text          0x08002404      0x134 /usr/lib/gcc/arm-none-eabi/13.2.1/../../../arm-none-eabi/lib/thumb/v7e-m+fp/hard/libc_nano.a(libc_a-memcpy.o)
                0x08002404                memcpy
 .text          0x08002538       0x20 /usr/lib/gcc/arm-none-eabi/13.2.1/../../../arm-none-eabi/lib/thumb/v7e-m+fp/hard/libc_nano.a(libc_a-malloc.o)
                0x08002538                malloc
                0x08002548                free
 .text          0x08002558       0xa4 /usr/lib/gcc/arm-none-eabi/13.2.1/../../../arm-none-eabi/lib/thumb/v7e-m+fp/hard/libc_nano.a(libc_a-putc.o)
                0x08002558                _putc_r
                0x080025a4                putc
 .text          0x080025fc       0x64 /usr/lib/gcc/arm-none-eabi/13.2.1/../../../arm-none-eabi/lib/thumb/v7e-m+fp/hard/libc_nano.a(libc_a-reallocr.o)
                0x080025fc                _realloc_r
 .text          0x08002660      0x3a8 /usr/lib/gcc/arm-none-eabi/13.2.1/../../../arm-none-eabi/lib/thumb/v7e-m+fp/hard/libc_nano.a(libc_a-nano-vfprintf_i.o)
                0x08002660                _printf_common
                0x08002784                _printf_i
 .text          0x08002a08        0x8 /usr/lib/gcc/arm-none-eabi/13.2.1/../../../arm-none-eabi/lib/thumb/v7e-m+fp/hard/libc_nano.a(libc_a-mlock.o)
                0x08002a08                __malloc_lock
                0x08002a0c                __malloc_unlock
 .text          0x08002a10      0x114 /usr/lib/gcc/arm-none-eabi/13.2.1/../../../arm-none-eabi/lib/thumb/v7e-m+fp/hard/libc_nano.a(libc_a-makebuf.o)
                0x08002a10                __smakebuf_r
                0x08002ad4                __swhatbuf_r
 .text          0x08002b24       0x48 /usr/lib/gcc/arm-none-eabi/13.2.1/../../../arm-none-eabi/lib/thumb/v7e-m+fp/hard/libc_nano.a(libc_a-printf.o)
                0x08002b24                _printf_r
                0x08002b24                _iprintf_r
                0x08002b44                printf
                0x08002b44                iprintf
 .text          0x08002b6c       0x24 /usr/lib/gcc/arm-none-eabi/13.2.1/../../../arm-none-eabi/lib/thumb/v7e-m+fp/hard/libc_nano.a(libc_a-isattyr.o)
                0x08002b6c                _isatty_r
 .text          0x08002b90      0x314 /usr/lib/gcc/arm-none-eabi/13.2.1/../../../arm-none-eabi/lib/thumb/v7e-m+fp/hard/libc_nano.a(libc_a-nano-vfprintf.o)
                0x08002bcc                __sfputs_r
                0x08002bfc                __sprint_r
                0x08002c1c                _vfiprintf_r
                0x08002c1c                _vfprintf_r
                0x08002e88                vfiprintf
                0x08002e88                vfprintf
 .text          0x08002ea4       0xa0 /usr/lib/gcc/arm-none-eabi/13.2.1/../../../arm-none-eabi/lib/thumb/v7e-m+fp/hard/libc_nano.a(libc_a-wbuf.o)
                0x08002ea4                __swbuf_r
                0x08002f2c                __swbuf
 .text          0x08002f44       0x4c /usr/lib/gcc/arm-none-eabi/13.2.1/../../../arm-none-eabi/lib/thumb/v7e-m+fp/hard/libc_nano.a(libc_a-assert.o)
                0x08002f44                __assert_func
                0x08002f84                __assert
 .text          0x08002f90      0xb10 /usr/lib/gcc/arm-none-eabi/13.2.1/../../../arm-none-eabi/lib/thumb/v7e-m+fp/hard/libc_nano.a(libc_a-mprec.o)
                0x08002f90                _Balloc
                0x08003010                _Bfree
                0x08003058                __multadd
                0x080030f4                __s2b
                0x080031a8                __hi0bits
                0x080031ec                __lo0bits
                0x0800324c                __i2b
                0x08003278                __multiply
                0x080033e4                __pow5mult
                0x080034c4                __lshift
                0x080035ac                __mcmp
                0x080035f0                __mdiff
                0x08003768                __ulp
                0x080037cc                __b2d
                0x08003888                __d2b
                0x08003948                __ratio
                0x080039a8                _mprec_log10
                0x080039e8                __copybits
                0x08003a44                __any_on
 .text          0x08003aa0       0x24 /usr/lib/gcc/arm-none-eabi/13.2.1/../../../arm-none-eabi/lib/thumb/v7e-m+fp/hard/libc_nano.a(libc_a-sbrkr.o)
                0x08003aa0                _sbrk_r
 .text          0x08003ac4       0x94 /usr/lib/gcc/arm-none-eabi/13.2.1/../../../arm-none-eabi/lib/thumb/v7e-m+fp/hard/libc_nano.a(libc_a-stdio.o)
                0x08003ac4                __sread
                0x08003ae8                __seofread
                0x08003aec                __swrite
                0x08003b2c                __sseek
                0x08003b50                __sclose
 .text          0x08003b58       0x10 /usr/lib/gcc/arm-none-eabi/13.2.1/../../../arm-none-eabi/lib/thumb/v7e-m+fp/hard/libc_nano.a(libc_a-msizer.o)
                0x08003b58                _malloc_usable_size_r
 .text          0x08003b68       0x14 /usr/lib/gcc/arm-none-eabi/13.2.1/../../../arm-none-eabi/lib/thumb/v7e-m+fp/hard/libc_nano.a(libc_a-localeconv.o)
                0x08003b68                __localeconv_l
                0x08003b6c                _localeconv_r
                0x08003b74                localeconv
 .text          0x08003b7c      0x300 /usr/lib/gcc/arm-none-eabi/13.2.1/../../../arm-none-eabi/lib/thumb/v7e-m+fp/hard/libc_nano.a(libc_a-fvwrite.o)
                0x08003b7c                __sfvwrite_r
 .text          0x08003e7c       0x10 /usr/lib/gcc/arm-none-eabi/13.2.1/../../../arm-none-eabi/lib/thumb/v7e-m+fp/hard/libc_nano.a(libc_a-abort.o)
                0x08003e7c                abort
 .text          0x08003e8c       0x24 /usr/lib/gcc/arm-none-eabi/13.2.1/../../../arm-none-eabi/lib/thumb/v7e-m+fp/hard/libc_nano.a(libc_a-closer.o)
                0x08003e8c                _close_r
 .text          0x08003eb0       0x28 /usr/lib/gcc/arm-none-eabi/13.2.1/../../../arm-none-eabi/lib/thumb/v7e-m+fp/hard/libc_nano.a(libc_a-callocr.o)
                0x08003eb0                _calloc_r
 .text          0x08003ed8       0x30 /usr/lib/gcc/arm-none-eabi/13.2.1/../../../arm-none-eabi/lib/thumb/v7e-m+fp/hard/libc_nano.a(libc_a-wctomb_r.o)
                0x08003ed8                _wctomb_r
                0x08003eec                __ascii_wctomb
 .text          0x08003f08       0x2c /usr/lib/gcc/arm-none-eabi/13.2.1/../../../arm-none-eabi/lib/thumb/v7e-m+fp/hard/libc_nano.a(libc_a-readr.o)
                0x08003f08                _read_r
 .text          0x08003f34       0x44 /usr/lib/gcc/arm-none-eabi/13.2.1/../../../arm-none-eabi/lib/thumb/v7e-m+fp/hard/libc_nano.a(libc_a-fprintf.o)
                0x08003f34                _fprintf_r
                0x08003f34                _fiprintf_r
                0x08003f50                fprintf
                0x08003f50                fiprintf
 .text          0x08003f78       0x2c /usr/lib/gcc/arm-none-eabi/13.2.1/../../../arm-none-eabi/lib/thumb/v7e-m+fp/hard/libc_nano.a(libc_a-fstatr.o)
                0x08003f78                _fstat_r
 .text          0x08003fa4       0x2c /usr/lib/gcc/arm-none-eabi/13.2.1/../../../arm-none-eabi/lib/thumb/v7e-m+fp/hard/libc_nano.a(libc_a-lseekr.o)
                0x08003fa4                _lseek_r
 .text          0x08003fd0       0x2c /usr/lib/gcc/arm-none-eabi/13.2.1/../../../arm-none-eabi/lib/thumb/v7e-m+fp/hard/libc_nano.a(libc_a-writer.o)
                0x08003fd0                _write_r
 .text          0x08003ffc       0x40 /usr/lib/gcc/arm-none-eabi/13.2.1/../../../arm-none-eabi/lib/thumb/v7e-m+fp/hard/libc_nano.a(libc_a-mbtowc_r.o)
                0x08003ffc                _mbtowc_r
                0x08004010                __ascii_mbtowc
 .text          0x0800403c      0x260 /usr/lib/gcc/arm-none-eabi/13.2.1/../../../arm-none-eabi/lib/thumb/v7e-m+fp/hard/libc_nano.a(libc_a-signal.o)
                0x0800403c                _init_signal_r
                0x08004068                _signal_r
                0x080040b4                _raise_r
                0x08004104                __sigtramp_r
                0x08004164                raise
                0x080041b8                signal
                0x08004204                _init_signal
                0x08004238                __sigtramp
 .text          0x0800429c       0x30 /usr/lib/gcc/arm-none-eabi/13.2.1/../../../arm-none-eabi/lib/thumb/v7e-m+fp/hard/libc_nano.a(libc_a-signalr.o)
                0x0800429c                _kill_r
                0x080042c8                _getpid_r
 .text          0x080042cc      0x378 /usr/lib/gcc/arm-none-eabi/13.2.1/thumb/v7e-m+fp/hard/libgcc.a(_arm_addsubdf3.o)
                0x080042cc                __aeabi_drsub
                0x080042d4                __aeabi_dsub
                0x080042d4                __subdf3
                0x080042d8                __adddf3
                0x080042d8                __aeabi_dadd
                0x08004550                __aeabi_ui2d
                0x08004550                __floatunsidf
                0x08004570                __floatsidf
                0x08004570                __aeabi_i2d
                0x08004594                __extendsfdf2
                0x08004594                __aeabi_f2d
                0x080045d8                __aeabi_ul2d
                0x080045d8                __floatundidf
                0x080045e8                __floatdidf
                0x080045e8                __aeabi_l2d
 .text          0x08004644      0x424 /usr/lib/gcc/arm-none-eabi/13.2.1/thumb/v7e-m+fp/hard/libgcc.a(_arm_muldivdf3.o)
                0x08004644                __aeabi_dmul
                0x08004644                __muldf3
                0x08004898                __aeabi_ddiv
                0x08004898                __divdf3
 .text          0x08004a68      0x110 /usr/lib/gcc/arm-none-eabi/13.2.1/thumb/v7e-m+fp/hard/libgcc.a(_arm_cmpdf2.o)
                0x08004a68                __gtdf2
                0x08004a68                __gedf2
                0x08004a70                __ltdf2
                0x08004a70                __ledf2
                0x08004a78                __cmpdf2
                0x08004a78                __eqdf2
                0x08004a78                __nedf2
                0x08004af4                __aeabi_cdrcmple
                0x08004b04                __aeabi_cdcmple
                0x08004b04                __aeabi_cdcmpeq
                0x08004b14                __aeabi_dcmpeq
                0x08004b28                __aeabi_dcmplt
                0x08004b3c                __aeabi_dcmple
                0x08004b50                __aeabi_dcmpge
                0x08004b64                __aeabi_dcmpgt
 .text          0x08004b78       0x2c /usr/lib/gcc/arm-none-eabi/13.2.1/thumb/v7e-m+fp/hard/libgcc.a(_arm_unorddf2.o)
                0x08004b78                __aeabi_dcmpun
                0x08004b78                __unorddf2
 .text          0x08004ba4       0x50 /usr/lib/gcc/arm-none-eabi/13.2.1/thumb/v7e-m+fp/hard/libgcc.a(_arm_fixdfsi.o)
                0x08004ba4                __fixdfsi
                0x08004ba4                __aeabi_d2iz
 .text          0x08004bf4       0xa0 /usr/lib/gcc/arm-none-eabi/13.2.1/thumb/v7e-m+fp/hard/libgcc.a(_arm_truncdfsf2.o)
                0x08004bf4                __aeabi_d2f
                0x08004bf4                __truncdfsf2
 .text          0x08004c94       0x30 /usr/lib/gcc/arm-none-eabi/13.2.1/thumb/v7e-m+fp/hard/libgcc.a(_aeabi_uldivmod.o)
                0x08004c94                __aeabi_uldivmod
 .text          0x08004cc4      0x2bc /usr/lib/gcc/arm-none-eabi/13.2.1/thumb/v7e-m+fp/hard/libgcc.a(_udivmoddi4.o)
                0x08004cc4                __udivmoddi4
 .text          0x08004f80        0x4 /usr/lib/gcc/arm-none-eabi/13.2.1/thumb/v7e-m+fp/hard/libgcc.a(_dvmd_tls.o)
                0x08004f80                __aeabi_ldiv0
                0x08004f80                __aeabi_idiv0
 *(.text*)
 .text.Error_Handler
                0x08004f84        0x4 build/main.o
                0x08004f84                Error_Handler
 .text.SystemClock_Config
                0x08004f88       0xac build/main.o
                0x08004f88                SystemClock_Config
 .text.main     0x08005034       0x30 build/main.o
                0x08005034                main
 .text.MX_GPIO_Init
                0x08005064       0xa8 build/gpio.o
                0x08005064                MX_GPIO_Init
 .text.MX_DMA_Init
                0x0800510c       0x88 build/dma.o
                0x0800510c                MX_DMA_Init
 .text.MX_UART4_Init
                0x08005194       0x34 build/usart.o
                0x08005194                MX_UART4_Init
 .text.MX_USART1_UART_Init
                0x080051c8       0x34 build/usart.o
                0x080051c8                MX_USART1_UART_Init
 .text.MX_USART2_UART_Init
                0x080051fc       0x34 build/usart.o
                0x080051fc                MX_USART2_UART_Init
 .text.HAL_UART_MspInit
                0x08005230      0x250 build/usart.o
                0x08005230                HAL_UART_MspInit
 .text.NMI_Handler
                0x08005480        0x2 build/stm32f4xx_it.o
                0x08005480                NMI_Handler
 .text.HardFault_Handler
                0x08005482        0x2 build/stm32f4xx_it.o
                0x08005482                HardFault_Handler
 .text.MemManage_Handler
                0x08005484        0x2 build/stm32f4xx_it.o
                0x08005484                MemManage_Handler
 .text.BusFault_Handler
                0x08005486        0x2 build/stm32f4xx_it.o
                0x08005486                BusFault_Handler
 .text.UsageFault_Handler
                0x08005488        0x2 build/stm32f4xx_it.o
                0x08005488                UsageFault_Handler
 .text.SVC_Handler
                0x0800548a        0x2 build/stm32f4xx_it.o
                0x0800548a                SVC_Handler
 .text.DebugMon_Handler
                0x0800548c        0x2 build/stm32f4xx_it.o
                0x0800548c                DebugMon_Handler
 .text.PendSV_Handler
                0x0800548e        0x2 build/stm32f4xx_it.o
                0x0800548e                PendSV_Handler
 .text.SysTick_Handler
                0x08005490        0x8 build/stm32f4xx_it.o
                0x08005490                SysTick_Handler
 .text.DMA1_Stream2_IRQHandler
                0x08005498       0x10 build/stm32f4xx_it.o
                0x08005498                DMA1_Stream2_IRQHandler
 .text.DMA1_Stream5_IRQHandler
                0x080054a8       0x10 build/stm32f4xx_it.o
                0x080054a8                DMA1_Stream5_IRQHandler
 .text.DMA1_Stream6_IRQHandler
                0x080054b8       0x10 build/stm32f4xx_it.o
                0x080054b8                DMA1_Stream6_IRQHandler
 .text.DMA2_Stream2_IRQHandler
                0x080054c8       0x10 build/stm32f4xx_it.o
                0x080054c8                DMA2_Stream2_IRQHandler
 .text.OTG_FS_IRQHandler
                0x080054d8       0x10 build/stm32f4xx_it.o
                0x080054d8                OTG_FS_IRQHandler
 .text.DMA2_Stream7_IRQHandler
                0x080054e8       0x10 build/stm32f4xx_it.o
                0x080054e8                DMA2_Stream7_IRQHandler
 .text.HAL_MspInit
                0x080054f8       0x40 build/stm32f4xx_hal_msp.o
                0x080054f8                HAL_MspInit
 .text.TIM_Base_SetConfig
                0x08005538       0xd8 build/stm32f4xx_hal_tim.o
                0x08005538                TIM_Base_SetConfig
 .text.HAL_TIM_Encoder_Init
                0x08005610       0xb0 build/stm32f4xx_hal_tim.o
                0x08005610                HAL_TIM_Encoder_Init
 .text.TIM_CCxChannelCmd
                0x080056c0       0x1e build/stm32f4xx_hal_tim.o
                0x080056c0                TIM_CCxChannelCmd
 .text.HAL_TIM_Encoder_Start
                0x080056de       0xcc build/stm32f4xx_hal_tim.o
                0x080056de                HAL_TIM_Encoder_Start
 *fill*         0x080057aa        0x2 
 .text.HAL_TIMEx_MasterConfigSynchronization
                0x080057ac       0x8c build/stm32f4xx_hal_tim_ex.o
                0x080057ac                HAL_TIMEx_MasterConfigSynchronization
 .text.UART_EndTxTransfer
                0x08005838       0x20 build/stm32f4xx_hal_uart.o
 .text.UART_EndRxTransfer
                0x08005858       0x5c build/stm32f4xx_hal_uart.o
 .text.UART_SetConfig
                0x080058b4      0x110 build/stm32f4xx_hal_uart.o
 .text.HAL_UART_Init
                0x080059c4       0x60 build/stm32f4xx_hal_uart.o
                0x080059c4                HAL_UART_Init
 .text.HAL_UART_Transmit_DMA
                0x08005a24       0x84 build/stm32f4xx_hal_uart.o
                0x08005a24                HAL_UART_Transmit_DMA
 .text.UART_DMATransmitCplt
                0x08005aa8       0x4c build/stm32f4xx_hal_uart.o
 .text.HAL_UART_TxHalfCpltCallback
                0x08005af4        0x2 build/stm32f4xx_hal_uart.o
                0x08005af4                HAL_UART_TxHalfCpltCallback
 .text.UART_DMATxHalfCplt
                0x08005af6        0xa build/stm32f4xx_hal_uart.o
 .text.HAL_UART_RxHalfCpltCallback
                0x08005b00        0x2 build/stm32f4xx_hal_uart.o
                0x08005b00                HAL_UART_RxHalfCpltCallback
 .text.UART_DMAError
                0x08005b02       0x58 build/stm32f4xx_hal_uart.o
 .text.HAL_UARTEx_RxEventCallback
                0x08005b5a        0x2 build/stm32f4xx_hal_uart.o
                0x08005b5a                HAL_UARTEx_RxEventCallback
 .text.UART_DMARxHalfCplt
                0x08005b5c       0x1e build/stm32f4xx_hal_uart.o
 .text.UART_DMAReceiveCplt
                0x08005b7a       0x9a build/stm32f4xx_hal_uart.o
 .text.UART_Start_Receive_DMA
                0x08005c14       0xa4 build/stm32f4xx_hal_uart.o
                0x08005c14                UART_Start_Receive_DMA
 .text.HAL_UART_Receive_DMA
                0x08005cb8       0x26 build/stm32f4xx_hal_uart.o
                0x08005cb8                HAL_UART_Receive_DMA
 *fill*         0x08005cde        0x2 
 .text.HAL_RCC_OscConfig
                0x08005ce0      0x3f8 build/stm32f4xx_hal_rcc.o
                0x08005ce0                HAL_RCC_OscConfig
 .text.HAL_RCC_GetSysClockFreq
                0x080060d8       0xdc build/stm32f4xx_hal_rcc.o
                0x080060d8                HAL_RCC_GetSysClockFreq
 .text.HAL_RCC_ClockConfig
                0x080061b4      0x160 build/stm32f4xx_hal_rcc.o
                0x080061b4                HAL_RCC_ClockConfig
 .text.HAL_RCC_GetHCLKFreq
                0x08006314        0xc build/stm32f4xx_hal_rcc.o
                0x08006314                HAL_RCC_GetHCLKFreq
 .text.HAL_RCC_GetPCLK1Freq
                0x08006320       0x20 build/stm32f4xx_hal_rcc.o
                0x08006320                HAL_RCC_GetPCLK1Freq
 .text.HAL_RCC_GetPCLK2Freq
                0x08006340       0x20 build/stm32f4xx_hal_rcc.o
                0x08006340                HAL_RCC_GetPCLK2Freq
 .text.HAL_GPIO_Init
                0x08006360      0x1ec build/stm32f4xx_hal_gpio.o
                0x08006360                HAL_GPIO_Init
 .text.HAL_GPIO_WritePin
                0x0800654c        0xc build/stm32f4xx_hal_gpio.o
                0x0800654c                HAL_GPIO_WritePin
 .text.HAL_GPIO_TogglePin
                0x08006558       0x12 build/stm32f4xx_hal_gpio.o
                0x08006558                HAL_GPIO_TogglePin
 .text.DMA_SetConfig
                0x0800656a       0x2c build/stm32f4xx_hal_dma.o
 *fill*         0x08006596        0x2 
 .text.DMA_CalcBaseAndBitshift
                0x08006598       0x3c build/stm32f4xx_hal_dma.o
 .text.DMA_CheckFifoParam
                0x080065d4       0x8e build/stm32f4xx_hal_dma.o
 *fill*         0x08006662        0x2 
 .text.HAL_DMA_Init
                0x08006664       0xcc build/stm32f4xx_hal_dma.o
                0x08006664                HAL_DMA_Init
 .text.HAL_DMA_Start_IT
                0x08006730       0x6a build/stm32f4xx_hal_dma.o
                0x08006730                HAL_DMA_Start_IT
 *fill*         0x0800679a        0x2 
 .text.HAL_DMA_IRQHandler
                0x0800679c      0x1dc build/stm32f4xx_hal_dma.o
                0x0800679c                HAL_DMA_IRQHandler
 .text.__NVIC_EnableIRQ
                0x08006978       0x1c build/stm32f4xx_hal_cortex.o
 .text.__NVIC_SetPriority
                0x08006994       0x28 build/stm32f4xx_hal_cortex.o
 .text.NVIC_EncodePriority
                0x080069bc       0x3e build/stm32f4xx_hal_cortex.o
 *fill*         0x080069fa        0x2 
 .text.HAL_NVIC_SetPriorityGrouping
                0x080069fc       0x24 build/stm32f4xx_hal_cortex.o
                0x080069fc                HAL_NVIC_SetPriorityGrouping
 .text.HAL_NVIC_SetPriority
                0x08006a20       0x20 build/stm32f4xx_hal_cortex.o
                0x08006a20                HAL_NVIC_SetPriority
 .text.HAL_NVIC_EnableIRQ
                0x08006a40        0x8 build/stm32f4xx_hal_cortex.o
                0x08006a40                HAL_NVIC_EnableIRQ
 .text.HAL_SYSTICK_Config
                0x08006a48       0x28 build/stm32f4xx_hal_cortex.o
                0x08006a48                HAL_SYSTICK_Config
 .text.HAL_InitTick
                0x08006a70       0x4c build/stm32f4xx_hal.o
                0x08006a70                HAL_InitTick
 .text.HAL_Init
                0x08006abc       0x34 build/stm32f4xx_hal.o
                0x08006abc                HAL_Init
 .text.HAL_IncTick
                0x08006af0       0x18 build/stm32f4xx_hal.o
                0x08006af0                HAL_IncTick
 .text.HAL_GetTick
                0x08006b08        0xc build/stm32f4xx_hal.o
                0x08006b08                HAL_GetTick
 .text.HAL_Delay
                0x08006b14       0x28 build/stm32f4xx_hal.o
                0x08006b14                HAL_Delay
 .text.SystemInit
                0x08006b3c       0x14 build/system_stm32f4xx.o
                0x08006b3c                SystemInit
 .text._sbrk    0x08006b50       0x48 build/sysmem.o
                0x08006b50                _sbrk
 .text._getpid  0x08006b98        0x4 build/syscalls.o
                0x08006b98                _getpid
 .text._kill    0x08006b9c       0x10 build/syscalls.o
                0x08006b9c                _kill
 .text._exit    0x08006bac        0xc build/syscalls.o
                0x08006bac                _exit
 .text._read    0x08006bb8       0x20 build/syscalls.o
                0x08006bb8                _read
 .text._close   0x08006bd8        0x6 build/syscalls.o
                0x08006bd8                _close
 .text._fstat   0x08006bde        0xa build/syscalls.o
                0x08006bde                _fstat
 .text._isatty  0x08006be8        0x4 build/syscalls.o
                0x08006be8                _isatty
 .text._lseek   0x08006bec        0x4 build/syscalls.o
                0x08006bec                _lseek
 .text.ITM_SendChar
                0x08006bf0       0x34 build/printf_config.o
 .text.ITM_SendString
                0x08006c24       0x1a build/printf_config.o
                0x08006c24                ITM_SendString
 .text._write   0x08006c3e        0xc build/printf_config.o
                0x08006c3e                _write
 *fill*         0x08006c4a        0x2 
 .text.MX_TIM4_Init
                0x08006c4c       0x64 build/tim.o
                0x08006c4c                MX_TIM4_Init
 .text.HAL_TIM_Encoder_MspInit
                0x08006cb0       0x68 build/tim.o
                0x08006cb0                HAL_TIM_Encoder_MspInit
 .text.MX_USB_DEVICE_Init
                0x08006d18       0x54 build/usb_device.o
                0x08006d18                MX_USB_DEVICE_Init
 .text.USBD_FS_DeviceDescriptor
                0x08006d6c        0xc build/usbd_desc.o
                0x08006d6c                USBD_FS_DeviceDescriptor
 .text.USBD_FS_LangIDStrDescriptor
                0x08006d78        0xc build/usbd_desc.o
                0x08006d78                USBD_FS_LangIDStrDescriptor
 .text.IntToUnicode
                0x08006d84       0x46 build/usbd_desc.o
 *fill*         0x08006dca        0x2 
 .text.Get_SerialNum
                0x08006dcc       0x38 build/usbd_desc.o
 .text.USBD_FS_SerialStrDescriptor
                0x08006e04       0x14 build/usbd_desc.o
                0x08006e04                USBD_FS_SerialStrDescriptor
 .text.USBD_FS_ProductStrDescriptor
                0x08006e18       0x24 build/usbd_desc.o
                0x08006e18                USBD_FS_ProductStrDescriptor
 .text.USBD_FS_ManufacturerStrDescriptor
                0x08006e3c       0x1c build/usbd_desc.o
                0x08006e3c                USBD_FS_ManufacturerStrDescriptor
 .text.USBD_FS_ConfigStrDescriptor
                0x08006e58       0x24 build/usbd_desc.o
                0x08006e58                USBD_FS_ConfigStrDescriptor
 .text.USBD_FS_InterfaceStrDescriptor
                0x08006e7c       0x24 build/usbd_desc.o
                0x08006e7c                USBD_FS_InterfaceStrDescriptor
 .text.CDC_DeInit_FS
                0x08006ea0        0x4 build/usbd_cdc_if.o
 .text.CDC_Control_FS
                0x08006ea4        0x4 build/usbd_cdc_if.o
 .text.CDC_TransmitCplt_FS
                0x08006ea8        0x4 build/usbd_cdc_if.o
 .text.CDC_Receive_FS
                0x08006eac       0x1c build/usbd_cdc_if.o
 .text.CDC_Init_FS
                0x08006ec8       0x28 build/usbd_cdc_if.o
 .text.HAL_PCD_MspInit
                0x08006ef0       0x84 build/usbd_conf.o
                0x08006ef0                HAL_PCD_MspInit
 .text.HAL_PCD_SetupStageCallback
                0x08006f74       0x10 build/usbd_conf.o
                0x08006f74                HAL_PCD_SetupStageCallback
 .text.HAL_PCD_DataOutStageCallback
                0x08006f84       0x18 build/usbd_conf.o
                0x08006f84                HAL_PCD_DataOutStageCallback
 .text.HAL_PCD_DataInStageCallback
                0x08006f9c       0x16 build/usbd_conf.o
                0x08006f9c                HAL_PCD_DataInStageCallback
 .text.HAL_PCD_SOFCallback
                0x08006fb2        0xc build/usbd_conf.o
                0x08006fb2                HAL_PCD_SOFCallback
 .text.HAL_PCD_ResetCallback
                0x08006fbe       0x28 build/usbd_conf.o
                0x08006fbe                HAL_PCD_ResetCallback
 *fill*         0x08006fe6        0x2 
 .text.HAL_PCD_SuspendCallback
                0x08006fe8       0x30 build/usbd_conf.o
                0x08006fe8                HAL_PCD_SuspendCallback
 .text.HAL_PCD_ResumeCallback
                0x08007018        0xc build/usbd_conf.o
                0x08007018                HAL_PCD_ResumeCallback
 .text.HAL_PCD_ISOOUTIncompleteCallback
                0x08007024        0xc build/usbd_conf.o
                0x08007024                HAL_PCD_ISOOUTIncompleteCallback
 .text.HAL_PCD_ISOINIncompleteCallback
                0x08007030        0xc build/usbd_conf.o
                0x08007030                HAL_PCD_ISOINIncompleteCallback
 .text.HAL_PCD_ConnectCallback
                0x0800703c        0xc build/usbd_conf.o
                0x0800703c                HAL_PCD_ConnectCallback
 .text.HAL_PCD_DisconnectCallback
                0x08007048        0xc build/usbd_conf.o
                0x08007048                HAL_PCD_DisconnectCallback
 .text.USBD_LL_Init
                0x08007054       0x68 build/usbd_conf.o
                0x08007054                USBD_LL_Init
 .text.USBD_LL_IsStallEP
                0x080070bc       0x2c build/usbd_conf.o
                0x080070bc                USBD_LL_IsStallEP
 .text.USBD_LL_GetRxDataSize
                0x080070e8        0xc build/usbd_conf.o
                0x080070e8                USBD_LL_GetRxDataSize
 .text.USBD_static_malloc
                0x080070f4        0x8 build/usbd_conf.o
                0x080070f4                USBD_static_malloc
 .text.USBD_static_free
                0x080070fc        0x2 build/usbd_conf.o
                0x080070fc                USBD_static_free
 .text.USBD_Get_USB_Status
                0x080070fe       0x14 build/usbd_conf.o
                0x080070fe                USBD_Get_USB_Status
 .text.USBD_LL_Start
                0x08007112       0x10 build/usbd_conf.o
                0x08007112                USBD_LL_Start
 .text.USBD_LL_OpenEP
                0x08007122       0x16 build/usbd_conf.o
                0x08007122                USBD_LL_OpenEP
 .text.USBD_LL_CloseEP
                0x08007138       0x10 build/usbd_conf.o
                0x08007138                USBD_LL_CloseEP
 .text.USBD_LL_StallEP
                0x08007148       0x10 build/usbd_conf.o
                0x08007148                USBD_LL_StallEP
 .text.USBD_LL_ClearStallEP
                0x08007158       0x10 build/usbd_conf.o
                0x08007158                USBD_LL_ClearStallEP
 .text.USBD_LL_SetUSBAddress
                0x08007168       0x10 build/usbd_conf.o
                0x08007168                USBD_LL_SetUSBAddress
 .text.USBD_LL_Transmit
                0x08007178       0x10 build/usbd_conf.o
                0x08007178                USBD_LL_Transmit
 .text.USBD_LL_PrepareReceive
                0x08007188       0x10 build/usbd_conf.o
                0x08007188                USBD_LL_PrepareReceive
 .text.PCD_WriteEmptyTxFifo
                0x08007198       0xd0 build/stm32f4xx_hal_pcd.o
 .text.HAL_PCD_Init
                0x08007268      0x102 build/stm32f4xx_hal_pcd.o
                0x08007268                HAL_PCD_Init
 .text.HAL_PCD_Start
                0x0800736a       0x44 build/stm32f4xx_hal_pcd.o
                0x0800736a                HAL_PCD_Start
 *fill*         0x080073ae        0x2 
 .text.PCD_EP_OutXfrComplete_int
                0x080073b0      0x104 build/stm32f4xx_hal_pcd.o
 .text.PCD_EP_OutSetupPacket_int
                0x080074b4       0x50 build/stm32f4xx_hal_pcd.o
 .text.HAL_PCD_SetAddress
                0x08007504       0x26 build/stm32f4xx_hal_pcd.o
                0x08007504                HAL_PCD_SetAddress
 .text.HAL_PCD_EP_Open
                0x0800752a       0x88 build/stm32f4xx_hal_pcd.o
                0x0800752a                HAL_PCD_EP_Open
 .text.HAL_PCD_EP_Close
                0x080075b2       0x70 build/stm32f4xx_hal_pcd.o
                0x080075b2                HAL_PCD_EP_Close
 .text.HAL_PCD_EP_Receive
                0x08007622       0x4a build/stm32f4xx_hal_pcd.o
                0x08007622                HAL_PCD_EP_Receive
 .text.HAL_PCD_EP_GetRxCount
                0x0800766c       0x12 build/stm32f4xx_hal_pcd.o
                0x0800766c                HAL_PCD_EP_GetRxCount
 .text.HAL_PCD_EP_Transmit
                0x0800767e       0x4a build/stm32f4xx_hal_pcd.o
                0x0800767e                HAL_PCD_EP_Transmit
 .text.HAL_PCD_EP_SetStall
                0x080076c8       0x86 build/stm32f4xx_hal_pcd.o
                0x080076c8                HAL_PCD_EP_SetStall
 .text.HAL_PCD_EP_ClrStall
                0x0800774e       0x74 build/stm32f4xx_hal_pcd.o
                0x0800774e                HAL_PCD_EP_ClrStall
 .text.HAL_PCD_EP_Abort
                0x080077c2       0x34 build/stm32f4xx_hal_pcd.o
                0x080077c2                HAL_PCD_EP_Abort
 .text.HAL_PCD_IRQHandler
                0x080077f6      0x5c0 build/stm32f4xx_hal_pcd.o
                0x080077f6                HAL_PCD_IRQHandler
 .text.HAL_PCDEx_SetTxFiFo
                0x08007db6       0x4c build/stm32f4xx_hal_pcd_ex.o
                0x08007db6                HAL_PCDEx_SetTxFiFo
 .text.HAL_PCDEx_SetRxFiFo
                0x08007e02        0x8 build/stm32f4xx_hal_pcd_ex.o
                0x08007e02                HAL_PCDEx_SetRxFiFo
 .text.HAL_PCDEx_LPM_Callback
                0x08007e0a        0x2 build/stm32f4xx_hal_pcd_ex.o
                0x08007e0a                HAL_PCDEx_LPM_Callback
 .text.USB_CoreReset
                0x08007e0c       0x4a build/stm32f4xx_ll_usb.o
 .text.USB_CoreInit
                0x08007e56       0x92 build/stm32f4xx_ll_usb.o
                0x08007e56                USB_CoreInit
 .text.USB_SetTurnaroundTime
                0x08007ee8       0xe4 build/stm32f4xx_ll_usb.o
                0x08007ee8                USB_SetTurnaroundTime
 .text.USB_EnableGlobalInt
                0x08007fcc        0xc build/stm32f4xx_ll_usb.o
                0x08007fcc                USB_EnableGlobalInt
 .text.USB_DisableGlobalInt
                0x08007fd8        0xc build/stm32f4xx_ll_usb.o
                0x08007fd8                USB_DisableGlobalInt
 .text.USB_FlushTxFifo
                0x08007fe4       0x4a build/stm32f4xx_ll_usb.o
                0x08007fe4                USB_FlushTxFifo
 .text.USB_FlushRxFifo
                0x0800802e       0x46 build/stm32f4xx_ll_usb.o
                0x0800802e                USB_FlushRxFifo
 .text.USB_SetDevSpeed
                0x08008074        0xe build/stm32f4xx_ll_usb.o
                0x08008074                USB_SetDevSpeed
 *fill*         0x08008082        0x2 
 .text.USB_DevInit
                0x08008084      0x194 build/stm32f4xx_ll_usb.o
                0x08008084                USB_DevInit
 .text.USB_GetDevSpeed
                0x08008218       0x22 build/stm32f4xx_ll_usb.o
                0x08008218                USB_GetDevSpeed
 .text.USB_ActivateEndpoint
                0x0800823a       0x9a build/stm32f4xx_ll_usb.o
                0x0800823a                USB_ActivateEndpoint
 .text.USB_DeactivateEndpoint
                0x080082d4       0xe0 build/stm32f4xx_ll_usb.o
                0x080082d4                USB_DeactivateEndpoint
 .text.USB_EPStopXfer
                0x080083b4       0xbe build/stm32f4xx_ll_usb.o
                0x080083b4                USB_EPStopXfer
 .text.USB_WritePacket
                0x08008472       0x2e build/stm32f4xx_ll_usb.o
                0x08008472                USB_WritePacket
 .text.USB_EPStartXfer
                0x080084a0      0x238 build/stm32f4xx_ll_usb.o
                0x080084a0                USB_EPStartXfer
 .text.USB_ReadPacket
                0x080086d8       0x46 build/stm32f4xx_ll_usb.o
                0x080086d8                USB_ReadPacket
 .text.USB_EPSetStall
                0x0800871e       0x5a build/stm32f4xx_ll_usb.o
                0x0800871e                USB_EPSetStall
 .text.USB_EPClearStall
                0x08008778       0x5c build/stm32f4xx_ll_usb.o
                0x08008778                USB_EPClearStall
 .text.USB_SetDevAddress
                0x080087d4       0x20 build/stm32f4xx_ll_usb.o
                0x080087d4                USB_SetDevAddress
 .text.USB_DevConnect
                0x080087f4       0x1c build/stm32f4xx_ll_usb.o
                0x080087f4                USB_DevConnect
 .text.USB_DevDisconnect
                0x08008810       0x1c build/stm32f4xx_ll_usb.o
                0x08008810                USB_DevDisconnect
 .text.USB_ReadInterrupts
                0x0800882c        0x8 build/stm32f4xx_ll_usb.o
                0x0800882c                USB_ReadInterrupts
 .text.USB_ReadDevAllOutEpInterrupt
                0x08008834       0x10 build/stm32f4xx_ll_usb.o
                0x08008834                USB_ReadDevAllOutEpInterrupt
 .text.USB_ReadDevAllInEpInterrupt
                0x08008844       0x10 build/stm32f4xx_ll_usb.o
                0x08008844                USB_ReadDevAllInEpInterrupt
 .text.USB_ReadDevOutEPInterrupt
                0x08008854       0x12 build/stm32f4xx_ll_usb.o
                0x08008854                USB_ReadDevOutEPInterrupt
 .text.USB_ReadDevInEPInterrupt
                0x08008866       0x24 build/stm32f4xx_ll_usb.o
                0x08008866                USB_ReadDevInEPInterrupt
 .text.USB_GetMode
                0x0800888a        0x8 build/stm32f4xx_ll_usb.o
                0x0800888a                USB_GetMode
 .text.USB_SetCurrentMode
                0x08008892       0x62 build/stm32f4xx_ll_usb.o
                0x08008892                USB_SetCurrentMode
 .text.USB_ActivateSetup
                0x080088f4       0x1c build/stm32f4xx_ll_usb.o
                0x080088f4                USB_ActivateSetup
 .text.USB_EP0_OutStart
                0x08008910       0x60 build/stm32f4xx_ll_usb.o
                0x08008910                USB_EP0_OutStart
 .text.USBD_Init
                0x08008970       0x2e build/usbd_core.o
                0x08008970                USBD_Init
 .text.USBD_RegisterClass
                0x0800899e       0x34 build/usbd_core.o
                0x0800899e                USBD_RegisterClass
 .text.USBD_Start
                0x080089d2        0x8 build/usbd_core.o
                0x080089d2                USBD_Start
 .text.USBD_SetClassConfig
                0x080089da       0x12 build/usbd_core.o
                0x080089da                USBD_SetClassConfig
 .text.USBD_ClrClassConfig
                0x080089ec       0x12 build/usbd_core.o
                0x080089ec                USBD_ClrClassConfig
 .text.USBD_LL_SetupStage
                0x080089fe       0x58 build/usbd_core.o
                0x080089fe                USBD_LL_SetupStage
 .text.USBD_LL_Reset
                0x08008a56       0x64 build/usbd_core.o
                0x08008a56                USBD_LL_Reset
 .text.USBD_LL_SetSpeed
                0x08008aba        0x6 build/usbd_core.o
                0x08008aba                USBD_LL_SetSpeed
 .text.USBD_LL_Suspend
                0x08008ac0       0x1e build/usbd_core.o
                0x08008ac0                USBD_LL_Suspend
 .text.USBD_LL_Resume
                0x08008ade       0x1a build/usbd_core.o
                0x08008ade                USBD_LL_Resume
 .text.USBD_LL_SOF
                0x08008af8       0x22 build/usbd_core.o
                0x08008af8                USBD_LL_SOF
 .text.USBD_LL_IsoINIncomplete
                0x08008b1a       0x2e build/usbd_core.o
                0x08008b1a                USBD_LL_IsoINIncomplete
 .text.USBD_LL_IsoOUTIncomplete
                0x08008b48       0x2e build/usbd_core.o
                0x08008b48                USBD_LL_IsoOUTIncomplete
 .text.USBD_LL_DevConnected
                0x08008b76        0x4 build/usbd_core.o
                0x08008b76                USBD_LL_DevConnected
 .text.USBD_LL_DevDisconnected
                0x08008b7a       0x20 build/usbd_core.o
                0x08008b7a                USBD_LL_DevDisconnected
 .text.USBD_CoreFindIF
                0x08008b9a        0x4 build/usbd_core.o
                0x08008b9a                USBD_CoreFindIF
 .text.USBD_CoreFindEP
                0x08008b9e        0x4 build/usbd_core.o
                0x08008b9e                USBD_CoreFindEP
 .text.USBD_LL_DataOutStage
                0x08008ba2       0xc4 build/usbd_core.o
                0x08008ba2                USBD_LL_DataOutStage
 .text.USBD_LL_DataInStage
                0x08008c66       0xd6 build/usbd_core.o
                0x08008c66                USBD_LL_DataInStage
 .text.USBD_GetNextDesc
                0x08008d3c        0xe build/usbd_core.o
                0x08008d3c                USBD_GetNextDesc
 .text.USBD_GetEpDesc
                0x08008d4a       0x3e build/usbd_core.o
                0x08008d4a                USBD_GetEpDesc
 .text.USBD_GetLen
                0x08008d88       0x14 build/usbd_ctlreq.o
 .text.USBD_ParseSetupRequest
                0x08008d9c       0x28 build/usbd_ctlreq.o
                0x08008d9c                USBD_ParseSetupRequest
 .text.USBD_CtlError
                0x08008dc4       0x14 build/usbd_ctlreq.o
                0x08008dc4                USBD_CtlError
 .text.USBD_GetDescriptor
                0x08008dd8      0x18a build/usbd_ctlreq.o
 .text.USBD_SetAddress
                0x08008f62       0x50 build/usbd_ctlreq.o
 *fill*         0x08008fb2        0x2 
 .text.USBD_SetConfig
                0x08008fb4       0xcc build/usbd_ctlreq.o
 .text.USBD_GetConfig
                0x08009080       0x40 build/usbd_ctlreq.o
 .text.USBD_GetStatus
                0x080090c0       0x38 build/usbd_ctlreq.o
 .text.USBD_SetFeature
                0x080090f8       0x2a build/usbd_ctlreq.o
 .text.USBD_ClrFeature
                0x08009122       0x26 build/usbd_ctlreq.o
 .text.USBD_StdDevReq
                0x08009148       0x76 build/usbd_ctlreq.o
                0x08009148                USBD_StdDevReq
 .text.USBD_StdItfReq
                0x080091be       0x84 build/usbd_ctlreq.o
                0x080091be                USBD_StdItfReq
 .text.USBD_StdEPReq
                0x08009242      0x230 build/usbd_ctlreq.o
                0x08009242                USBD_StdEPReq
 .text.USBD_GetString
                0x08009472       0x3a build/usbd_ctlreq.o
                0x08009472                USBD_GetString
 .text.USBD_CtlSendData
                0x080094ac       0x1a build/usbd_ioreq.o
                0x080094ac                USBD_CtlSendData
 .text.USBD_CtlContinueSendData
                0x080094c6       0x10 build/usbd_ioreq.o
                0x080094c6                USBD_CtlContinueSendData
 .text.USBD_CtlPrepareRx
                0x080094d6       0x1e build/usbd_ioreq.o
                0x080094d6                USBD_CtlPrepareRx
 .text.USBD_CtlContinueRx
                0x080094f4       0x10 build/usbd_ioreq.o
                0x080094f4                USBD_CtlContinueRx
 .text.USBD_CtlSendStatus
                0x08009504       0x16 build/usbd_ioreq.o
                0x08009504                USBD_CtlSendStatus
 .text.USBD_CtlReceiveStatus
                0x0800951a       0x16 build/usbd_ioreq.o
                0x0800951a                USBD_CtlReceiveStatus
 .text.USBD_CDC_EP0_RxReady
                0x08009530       0x40 build/usbd_cdc.o
 .text.USBD_CDC_GetDeviceQualifierDescriptor
                0x08009570        0xc build/usbd_cdc.o
                0x08009570                USBD_CDC_GetDeviceQualifierDescriptor
 .text.USBD_CDC_GetOtherSpeedCfgDesc
                0x0800957c       0x48 build/usbd_cdc.o
 .text.USBD_CDC_GetFSCfgDesc
                0x080095c4       0x48 build/usbd_cdc.o
 .text.USBD_CDC_GetHSCfgDesc
                0x0800960c       0x48 build/usbd_cdc.o
 .text.USBD_CDC_DataOut
                0x08009654       0x38 build/usbd_cdc.o
 .text.USBD_CDC_DataIn
                0x0800968c       0x7c build/usbd_cdc.o
 .text.USBD_CDC_Setup
                0x08009708      0x11a build/usbd_cdc.o
 .text.USBD_CDC_DeInit
                0x08009822       0x64 build/usbd_cdc.o
 .text.USBD_CDC_Init
                0x08009886       0xee build/usbd_cdc.o
 .text.USBD_CDC_RegisterInterface
                0x08009974       0x16 build/usbd_cdc.o
                0x08009974                USBD_CDC_RegisterInterface
 .text.USBD_CDC_SetTxBuffer
                0x0800998a       0x1c build/usbd_cdc.o
                0x0800998a                USBD_CDC_SetTxBuffer
 .text.USBD_CDC_SetRxBuffer
                0x080099a6       0x18 build/usbd_cdc.o
                0x080099a6                USBD_CDC_SetRxBuffer
 .text.USBD_CDC_ReceivePacket
                0x080099be       0x38 build/usbd_cdc.o
                0x080099be                USBD_CDC_ReceivePacket
 *fill*         0x080099f6        0x2 
 .text.Reset_Handler
                0x080099f8       0x50 build/startup_stm32f407xx.o
                0x080099f8                Reset_Handler
 .text.Default_Handler
                0x08009a48        0x2 build/startup_stm32f407xx.o
                0x08009a48                RTC_Alarm_IRQHandler
                0x08009a48                HASH_RNG_IRQHandler
                0x08009a48                EXTI2_IRQHandler
                0x08009a48                TIM8_CC_IRQHandler
                0x08009a48                TIM1_CC_IRQHandler
                0x08009a48                DMA2_Stream5_IRQHandler
                0x08009a48                PVD_IRQHandler
                0x08009a48                SDIO_IRQHandler
                0x08009a48                TAMP_STAMP_IRQHandler
                0x08009a48                CAN2_RX1_IRQHandler
                0x08009a48                EXTI3_IRQHandler
                0x08009a48                TIM8_TRG_COM_TIM14_IRQHandler
                0x08009a48                TIM1_UP_TIM10_IRQHandler
                0x08009a48                TIM8_UP_TIM13_IRQHandler
                0x08009a48                I2C3_ER_IRQHandler
                0x08009a48                EXTI0_IRQHandler
                0x08009a48                I2C2_EV_IRQHandler
                0x08009a48                CAN1_RX0_IRQHandler
                0x08009a48                FPU_IRQHandler
                0x08009a48                OTG_HS_WKUP_IRQHandler
                0x08009a48                CAN2_SCE_IRQHandler
                0x08009a48                SPI1_IRQHandler
                0x08009a48                TIM6_DAC_IRQHandler
                0x08009a48                TIM1_BRK_TIM9_IRQHandler
                0x08009a48                DCMI_IRQHandler
                0x08009a48                CAN2_RX0_IRQHandler
                0x08009a48                DMA2_Stream3_IRQHandler
                0x08009a48                USART6_IRQHandler
                0x08009a48                USART3_IRQHandler
                0x08009a48                CAN1_RX1_IRQHandler
                0x08009a48                UART5_IRQHandler
                0x08009a48                DMA2_Stream0_IRQHandler
                0x08009a48                TIM4_IRQHandler
                0x08009a48                I2C1_EV_IRQHandler
                0x08009a48                DMA1_Stream1_IRQHandler
                0x08009a48                UART4_IRQHandler
                0x08009a48                TIM3_IRQHandler
                0x08009a48                RCC_IRQHandler
                0x08009a48                TIM8_BRK_TIM12_IRQHandler
                0x08009a48                Default_Handler
                0x08009a48                EXTI15_10_IRQHandler
                0x08009a48                ADC_IRQHandler
                0x08009a48                DMA1_Stream7_IRQHandler
                0x08009a48                TIM7_IRQHandler
                0x08009a48                CAN2_TX_IRQHandler
                0x08009a48                TIM5_IRQHandler
                0x08009a48                I2C3_EV_IRQHandler
                0x08009a48                EXTI9_5_IRQHandler
                0x08009a48                RTC_WKUP_IRQHandler
                0x08009a48                ETH_WKUP_IRQHandler
                0x08009a48                SPI2_IRQHandler
                0x08009a48                OTG_HS_EP1_IN_IRQHandler
                0x08009a48                DMA1_Stream0_IRQHandler
                0x08009a48                CAN1_TX_IRQHandler
                0x08009a48                EXTI4_IRQHandler
                0x08009a48                FSMC_IRQHandler
                0x08009a48                ETH_IRQHandler
                0x08009a48                OTG_HS_EP1_OUT_IRQHandler
                0x08009a48                WWDG_IRQHandler
                0x08009a48                TIM2_IRQHandler
                0x08009a48                OTG_FS_WKUP_IRQHandler
                0x08009a48                TIM1_TRG_COM_TIM11_IRQHandler
                0x08009a48                OTG_HS_IRQHandler
                0x08009a48                EXTI1_IRQHandler
                0x08009a48                USART2_IRQHandler
                0x08009a48                I2C2_ER_IRQHandler
                0x08009a48                DMA2_Stream1_IRQHandler
                0x08009a48                CAN1_SCE_IRQHandler
                0x08009a48                FLASH_IRQHandler
                0x08009a48                DMA2_Stream4_IRQHandler
                0x08009a48                USART1_IRQHandler
                0x08009a48                SPI3_IRQHandler
                0x08009a48                DMA1_Stream4_IRQHandler
                0x08009a48                I2C1_ER_IRQHandler
                0x08009a48                DMA2_Stream6_IRQHandler
                0x08009a48                DMA1_Stream3_IRQHandler
 .text._ZN5RobotC2EP20__UART_HandleTypeDefS1_
                0x08009a4a       0x2a build/robot.o
                0x08009a4a                Robot::Robot(__UART_HandleTypeDef*, __UART_HandleTypeDef*)
                0x08009a4a                Robot::Robot(__UART_HandleTypeDef*, __UART_HandleTypeDef*)
 .text._Z41__static_initialization_and_destruction_0v
                0x08009a74       0x28 build/robot.o
 .text.HAL_UART_RxCpltCallback
                0x08009a9c       0x48 build/robot.o
                0x08009a9c                HAL_UART_RxCpltCallback
 .text.HAL_UART_TxCpltCallback
                0x08009ae4       0x24 build/robot.o
                0x08009ae4                HAL_UART_TxCpltCallback
 .text.init_robot
                0x08009b08       0x5c build/robot.o
                0x08009b08                init_robot
 .text.operate_robot
                0x08009b64       0xc4 build/robot.o
                0x08009b64                operate_robot
 .text.HAL_UART_ErrorCallback
                0x08009c28       0x20 build/robot.o
                0x08009c28                HAL_UART_ErrorCallback
 .text._GLOBAL__sub_I__Z14ITM_SendStringPci
                0x08009c48        0x8 build/robot.o
 .text._ZN4AK60C2EP20__UART_HandleTypeDef
                0x08009c50        0xe build/ak60.o
                0x08009c50                AK60::AK60(__UART_HandleTypeDef*)
                0x08009c50                AK60::AK60(__UART_HandleTypeDef*)
 .text._ZN4AK604initEv
                0x08009c5e       0x10 build/ak60.o
                0x08009c5e                AK60::init()
 *fill*         0x08009c6e        0x2 
 .text._ZN4AK6018set_position_speedEfff
                0x08009c70       0x68 build/ak60.o
                0x08009c70                AK60::set_position_speed(float, float, float)
 .text._Z9get_crc16Phj
                0x08009cd8       0x34 build/crc16.o
                0x08009cd8                get_crc16(unsigned char*, unsigned int)
 .text._Z19buffer_append_int32PhlPl
                0x08009d0c       0x2c build/buffer.o
                0x08009d0c                buffer_append_int32(unsigned char*, long, long*)
 .text._Z21buffer_append_float32PhffPl
                0x08009d38       0x16 build/buffer.o
                0x08009d38                buffer_append_float32(unsigned char*, float, float, long*)
 .text._ZN4UARTC2EP20__UART_HandleTypeDef
                0x08009d4e       0x2c build/ak60_uart_handle.o
                0x08009d4e                UART::UART(__UART_HandleTypeDef*)
                0x08009d4e                UART::UART(__UART_HandleTypeDef*)
 .text._ZN4UART4initEv
                0x08009d7a       0x22 build/ak60_uart_handle.o
                0x08009d7a                UART::init()
 .text._ZN4UART17get_uart_instanceEv
                0x08009d9c        0x6 build/ak60_uart_handle.o
                0x08009d9c                UART::get_uart_instance()
 *fill*         0x08009da2        0x2 
 .text._ZN4UART20print_receive_bufferEv
                0x08009da4       0x34 build/ak60_uart_handle.o
                0x08009da4                UART::print_receive_buffer()
 .text._ZN4UART20UART_RxErrorCallBackEP20__UART_HandleTypeDef17UARTReceiveStatus
                0x08009dd8        0x2 build/ak60_uart_handle.o
                0x08009dd8                UART::UART_RxErrorCallBack(__UART_HandleTypeDef*, UARTReceiveStatus)
 *fill*         0x08009dda        0x2 
 .text._ZN4UART24process_receive_callbackEv
                0x08009ddc      0x138 build/ak60_uart_handle.o
                0x08009ddc                UART::process_receive_callback()
 .text._ZN4UART20UART_TxErrorCallBackEP20__UART_HandleTypeDef
                0x08009f14        0x2 build/ak60_uart_handle.o
                0x08009f14                UART::UART_TxErrorCallBack(__UART_HandleTypeDef*)
 .text._ZN4UART8transmitEPhh
                0x08009f16       0x76 build/ak60_uart_handle.o
                0x08009f16                UART::transmit(unsigned char*, unsigned char)
 .text._ZN5Bno084initEv
                0x08009f8c       0x24 build/bno08.o
                0x08009f8c                Bno08::init()
 .text._ZN5Bno0814parse_imu_dataEv
                0x08009fb0       0xa0 build/bno08.o
                0x08009fb0                Bno08::parse_imu_data()
 .text._ZN5Bno0811rx_callbackEv
                0x0800a050       0x82 build/bno08.o
                0x0800a050                Bno08::rx_callback()
 .text._ZN7Encoder9get_countEv
                0x0800a0d2       0x12 build/encoder.o
                0x0800a0d2                Encoder::get_count()
 .text._ZN7Encoder19reset_encoder_countEv
                0x0800a0e4       0x1e build/encoder.o
                0x0800a0e4                Encoder::reset_encoder_count()
 .text._ZN7Encoder4initEv
                0x0800a102       0x26 build/encoder.o
                0x0800a102                Encoder::init()
 .text._ZN7Encoder9get_omegaEv
                0x0800a128       0x94 build/encoder.o
                0x0800a128                Encoder::get_omega()
 *(.glue_7)
 .glue_7        0x0800a1bc        0x0 linker stubs
 *(.glue_7t)
 .glue_7t       0x0800a1bc        0x0 linker stubs
 *(.eh_frame)
 .eh_frame      0x0800a1bc        0x0 /usr/lib/gcc/arm-none-eabi/13.2.1/thumb/v7e-m+fp/hard/crtbegin.o
 *(.init)
 .init          0x0800a1bc        0x4 /usr/lib/gcc/arm-none-eabi/13.2.1/thumb/v7e-m+fp/hard/crti.o
                0x0800a1bc                _init
 .init          0x0800a1c0        0x8 /usr/lib/gcc/arm-none-eabi/13.2.1/thumb/v7e-m+fp/hard/crtn.o
 *(.fini)
 .fini          0x0800a1c8        0x4 /usr/lib/gcc/arm-none-eabi/13.2.1/thumb/v7e-m+fp/hard/crti.o
                0x0800a1c8                _fini
 .fini          0x0800a1cc        0x8 /usr/lib/gcc/arm-none-eabi/13.2.1/thumb/v7e-m+fp/hard/crtn.o
                0x0800a1d4                        . = ALIGN (0x4)
                0x0800a1d4                        _etext = .

.vfp11_veneer   0x0800a1d4        0x0
 .vfp11_veneer  0x0800a1d4        0x0 linker stubs

.v4_bx          0x0800a1d4        0x0
 .v4_bx         0x0800a1d4        0x0 linker stubs

.iplt           0x0800a1d4        0x0
 .iplt          0x0800a1d4        0x0 /usr/lib/gcc/arm-none-eabi/13.2.1/thumb/v7e-m+fp/hard/crtbegin.o

.rodata         0x0800a1d8      0x660
                0x0800a1d8                        . = ALIGN (0x4)
 *(.rodata)
 .rodata        0x0800a1d8      0x128 /usr/lib/gcc/arm-none-eabi/13.2.1/../../../arm-none-eabi/lib/thumb/v7e-m+fp/hard/libc_nano.a(libc_a-mprec.o)
                0x0800a1e8                __mprec_tens
                0x0800a2b0                __mprec_tinytens
                0x0800a2d8                __mprec_bigtens
 .rodata        0x0800a300      0x101 /usr/lib/gcc/arm-none-eabi/13.2.1/../../../arm-none-eabi/lib/thumb/v7e-m+fp/hard/libc_nano.a(libc_a-ctype_.o)
                0x0800a300                _ctype_
 *(.rodata*)
 *fill*         0x0800a401        0x3 
 .rodata.flagBitshiftOffset.0
                0x0800a404        0x8 build/stm32f4xx_hal_dma.o
 .rodata.APBPrescTable
                0x0800a40c        0x8 build/system_stm32f4xx.o
                0x0800a40c                APBPrescTable
 .rodata.AHBPrescTable
                0x0800a414       0x10 build/system_stm32f4xx.o
                0x0800a414                AHBPrescTable
 .rodata.USBD_FS_ProductStrDescriptor.str1.4
                0x0800a424      0x1e2 build/usbd_desc.o
                                 0x16 (size before relaxing)
 .rodata.USBD_FS_ManufacturerStrDescriptor.str1.4
                0x0800a606       0x13 build/usbd_desc.o
 .rodata.USBD_FS_ConfigStrDescriptor.str1.4
                0x0800a606        0xb build/usbd_desc.o
 .rodata.USBD_FS_InterfaceStrDescriptor.str1.4
                0x0800a606        0xe build/usbd_desc.o
 .rodata.operate_robot.str1.4
                0x0800a606       0x19 build/robot.o
 *fill*         0x0800a606        0x2 
 .rodata._ZL12acceleration
                0x0800a608       0x10 build/robot.o
 .rodata._ZL8velocity
                0x0800a618       0x10 build/robot.o
 .rodata._ZL8position
                0x0800a628       0x10 build/robot.o
 .rodata._ZL11crc16_table
                0x0800a638      0x200 build/crc16.o
 .rodata._ZN4UART20print_receive_bufferEv.str1.4
                0x0800a838       0x16 build/ak60_uart_handle.o
 .rodata._ZN4UART24process_receive_callbackEv.str1.4
                0x0800a838       0x2e build/ak60_uart_handle.o
 .rodata.str1.4
                0x0800a838       0x12 /usr/lib/gcc/arm-none-eabi/13.2.1/../../../arm-none-eabi/lib/thumb/v7e-m+fp/hard/libc_nano.a(libc_a-nano-vfprintf_float.o)
 .rodata.str1.4
                0x0800a838       0x69 /usr/lib/gcc/arm-none-eabi/13.2.1/../../../arm-none-eabi/lib/thumb/v7e-m+fp/hard/libc_nano.a(libc_a-dtoa.o)
 .rodata.str1.4
                0x0800a838       0x25 /usr/lib/gcc/arm-none-eabi/13.2.1/../../../arm-none-eabi/lib/thumb/v7e-m+fp/hard/libc_nano.a(libc_a-nano-vfprintf_i.o)
 .rodata.str1.4
                0x0800a838       0x13 /usr/lib/gcc/arm-none-eabi/13.2.1/../../../arm-none-eabi/lib/thumb/v7e-m+fp/hard/libc_nano.a(libc_a-nano-vfprintf.o)
 .rodata.str1.4
                0x0800a838       0x43 /usr/lib/gcc/arm-none-eabi/13.2.1/../../../arm-none-eabi/lib/thumb/v7e-m+fp/hard/libc_nano.a(libc_a-assert.o)
 .rodata.str1.4
                0x0800a838       0x59 /usr/lib/gcc/arm-none-eabi/13.2.1/../../../arm-none-eabi/lib/thumb/v7e-m+fp/hard/libc_nano.a(libc_a-mprec.o)
 .rodata.str1.4
                0x0800a838       0x12 /usr/lib/gcc/arm-none-eabi/13.2.1/../../../arm-none-eabi/lib/thumb/v7e-m+fp/hard/libc_nano.a(libc_a-locale.o)
                0x0800a8a4                        . = ALIGN (0x4)

.ARM.extab
 *(.ARM.extab* .gnu.linkonce.armextab.*)

.ARM            0x0800a838        0x8
                0x0800a838                        __exidx_start = .
 *(.ARM.exidx*)
 .ARM.exidx     0x0800a838        0x8 /usr/lib/gcc/arm-none-eabi/13.2.1/../../../arm-none-eabi/lib/thumb/v7e-m+fp/hard/libc_nano.a(libc_a-strlen.o)
 .ARM.exidx     0x0800a840        0x0 /usr/lib/gcc/arm-none-eabi/13.2.1/../../../arm-none-eabi/lib/thumb/v7e-m+fp/hard/libc_nano.a(libc_a-memchr.o)
                                  0x8 (size before relaxing)
 .ARM.exidx     0x0800a840        0x0 /usr/lib/gcc/arm-none-eabi/13.2.1/../../../arm-none-eabi/lib/thumb/v7e-m+fp/hard/libc_nano.a(libc_a-memcpy.o)
                                  0x8 (size before relaxing)
 .ARM.exidx     0x0800a840        0x0 /usr/lib/gcc/arm-none-eabi/13.2.1/thumb/v7e-m+fp/hard/libgcc.a(_udivmoddi4.o)
                                  0x8 (size before relaxing)
                0x0800a840                        __exidx_end = .

.rel.dyn        0x0800a840        0x0
 .rel.iplt      0x0800a840        0x0 /usr/lib/gcc/arm-none-eabi/13.2.1/thumb/v7e-m+fp/hard/crtbegin.o

.preinit_array  0x0800a840        0x0
                0x0800a840                        PROVIDE (__preinit_array_start = .)
 *(.preinit_array*)
                0x0800a840                        PROVIDE (__preinit_array_end = .)

.init_array     0x0800a840        0x8
                0x0800a840                        PROVIDE (__init_array_start = .)
 *(SORT_BY_NAME(.init_array.*))
 *(.init_array*)
 .init_array    0x0800a840        0x4 /usr/lib/gcc/arm-none-eabi/13.2.1/thumb/v7e-m+fp/hard/crtbegin.o
 .init_array    0x0800a844        0x4 build/robot.o
                0x0800a848                        PROVIDE (__init_array_end = .)

.fini_array     0x0800a848        0x4
                0x0800a848                        PROVIDE (__fini_array_start = .)
 *(SORT_BY_NAME(.fini_array.*))
 *(.fini_array*)
 .fini_array    0x0800a848        0x4 /usr/lib/gcc/arm-none-eabi/13.2.1/thumb/v7e-m+fp/hard/crtbegin.o
                0x0800a84c                        PROVIDE (__fini_array_end = .)
                0x0800a84c                        _sidata = LOADADDR (.data)

.data           0x20000000      0x2c0 load address 0x0800a84c
                0x20000000                        . = ALIGN (0x4)
                0x20000000                        _sdata = .
 *(.data)
 .data          0x20000000       0x50 /usr/lib/gcc/arm-none-eabi/13.2.1/../../../arm-none-eabi/lib/thumb/v7e-m+fp/hard/libc_nano.a(libc_a-impure.o)
                0x20000000                _impure_ptr
                0x20000004                _impure_data
 .data          0x20000050        0xc /usr/lib/gcc/arm-none-eabi/13.2.1/../../../arm-none-eabi/lib/thumb/v7e-m+fp/hard/libc_nano.a(libc_a-findfp.o)
                0x20000050                __sglue
 .data          0x2000005c      0x16c /usr/lib/gcc/arm-none-eabi/13.2.1/../../../arm-none-eabi/lib/thumb/v7e-m+fp/hard/libc_nano.a(libc_a-locale.o)
                0x2000005c                __global_locale
 *(.data*)
 .data.uwTickFreq
                0x200001c8        0x1 build/stm32f4xx_hal.o
                0x200001c8                uwTickFreq
 *fill*         0x200001c9        0x3 
 .data.uwTickPrio
                0x200001cc        0x4 build/stm32f4xx_hal.o
                0x200001cc                uwTickPrio
 .data.SystemCoreClock
                0x200001d0        0x4 build/system_stm32f4xx.o
                0x200001d0                SystemCoreClock
 .data.USBD_StringSerial
                0x200001d4       0x1a build/usbd_desc.o
                0x200001d4                USBD_StringSerial
 *fill*         0x200001ee        0x2 
 .data.USBD_LangIDDesc
                0x200001f0        0x4 build/usbd_desc.o
                0x200001f0                USBD_LangIDDesc
 .data.USBD_FS_DeviceDesc
                0x200001f4       0x12 build/usbd_desc.o
                0x200001f4                USBD_FS_DeviceDesc
 *fill*         0x20000206        0x2 
 .data.FS_Desc  0x20000208       0x1c build/usbd_desc.o
                0x20000208                FS_Desc
 .data.USBD_Interface_fops_FS
                0x20000224       0x14 build/usbd_cdc_if.o
                0x20000224                USBD_Interface_fops_FS
 .data.USBD_CDC_CfgDesc
                0x20000238       0x43 build/usbd_cdc.o
 *fill*         0x2000027b        0x1 
 .data.USBD_CDC
                0x2000027c       0x38 build/usbd_cdc.o
                0x2000027c                USBD_CDC
 .data.USBD_CDC_DeviceQualifierDesc
                0x200002b4        0xa build/usbd_cdc.o
                0x200002c0                        . = ALIGN (0x4)
 *fill*         0x200002be        0x2 
                0x200002c0                        _edata = .
                0x0800ab0c                        _siccmram = LOADADDR (.ccmram)

.tm_clone_table
                0x200002c0        0x0 load address 0x0800ab0c
 .tm_clone_table
                0x200002c0        0x0 /usr/lib/gcc/arm-none-eabi/13.2.1/thumb/v7e-m+fp/hard/crtbegin.o
 .tm_clone_table
                0x200002c0        0x0 /usr/lib/gcc/arm-none-eabi/13.2.1/thumb/v7e-m+fp/hard/crtend.o

.igot.plt       0x200002c0        0x0 load address 0x0800ab0c
 .igot.plt      0x200002c0        0x0 /usr/lib/gcc/arm-none-eabi/13.2.1/thumb/v7e-m+fp/hard/crtbegin.o

.ccmram         0x10000000        0x0 load address 0x0800ab0c
                0x10000000                        . = ALIGN (0x4)
                0x10000000                        _sccmram = .
 *(.ccmram)
 *(.ccmram*)
                0x10000000                        . = ALIGN (0x4)
                0x10000000                        _eccmram = .
                0x10000000                        . = ALIGN (0x4)

.bss            0x200002c0     0x2380
                0x200002c0                        _sbss = .
                0x200002c0                        __bss_start__ = _sbss
 *(.bss)
 .bss           0x200002c0       0x1c /usr/lib/gcc/arm-none-eabi/13.2.1/thumb/v7e-m+fp/hard/crtbegin.o
 .bss           0x200002dc      0x13c /usr/lib/gcc/arm-none-eabi/13.2.1/../../../arm-none-eabi/lib/thumb/v7e-m+fp/hard/libc_nano.a(libc_a-findfp.o)
                0x200002dc                __sf
                0x20000414                __stdio_exit_handler
 .bss           0x20000418        0x8 /usr/lib/gcc/arm-none-eabi/13.2.1/../../../arm-none-eabi/lib/thumb/v7e-m+fp/hard/libc_nano.a(libc_a-mallocr.o)
                0x20000418                __malloc_sbrk_start
                0x2000041c                __malloc_free_list
 .bss           0x20000420        0x4 /usr/lib/gcc/arm-none-eabi/13.2.1/../../../arm-none-eabi/lib/thumb/v7e-m+fp/hard/libc_nano.a(libc_a-reent.o)
                0x20000420                errno
 *(.bss*)
 .bss.hdma_usart2_tx
                0x20000424       0x60 build/usart.o
                0x20000424                hdma_usart2_tx
 .bss.hdma_usart2_rx
                0x20000484       0x60 build/usart.o
                0x20000484                hdma_usart2_rx
 .bss.hdma_usart1_tx
                0x200004e4       0x60 build/usart.o
                0x200004e4                hdma_usart1_tx
 .bss.hdma_usart1_rx
                0x20000544       0x60 build/usart.o
                0x20000544                hdma_usart1_rx
 .bss.hdma_uart4_rx
                0x200005a4       0x60 build/usart.o
                0x200005a4                hdma_uart4_rx
 .bss.huart2    0x20000604       0x48 build/usart.o
                0x20000604                huart2
 .bss.huart1    0x2000064c       0x48 build/usart.o
                0x2000064c                huart1
 .bss.huart4    0x20000694       0x48 build/usart.o
                0x20000694                huart4
 .bss.uwTick    0x200006dc        0x4 build/stm32f4xx_hal.o
                0x200006dc                uwTick
 .bss.__sbrk_heap_end
                0x200006e0        0x4 build/sysmem.o
 .bss.htim4     0x200006e4       0x48 build/tim.o
                0x200006e4                htim4
 .bss.hUsbDeviceFS
                0x2000072c      0x2dc build/usb_device.o
                0x2000072c                hUsbDeviceFS
 .bss.USBD_StrDesc
                0x20000a08      0x200 build/usbd_desc.o
                0x20000a08                USBD_StrDesc
 .bss.UserTxBufferFS
                0x20000c08      0x800 build/usbd_cdc_if.o
                0x20000c08                UserTxBufferFS
 .bss.UserRxBufferFS
                0x20001408      0x800 build/usbd_cdc_if.o
                0x20001408                UserRxBufferFS
 .bss.mem.0     0x20001c08      0x220 build/usbd_conf.o
 .bss.hpcd_USB_OTG_FS
                0x20001e28      0x4e4 build/usbd_conf.o
                0x20001e28                hpcd_USB_OTG_FS
 .bss.cfgidx.0  0x2000230c        0x1 build/usbd_ctlreq.o
 *fill*         0x2000230d        0x3 
 .bss.start_time
                0x20002310        0x4 build/robot.o
                0x20002310                start_time
 .bss.phase_change_tick
                0x20002314        0x4 build/robot.o
                0x20002314                phase_change_tick
 .bss.current_phase
                0x20002318        0x1 build/robot.o
                0x20002318                current_phase
 *fill*         0x20002319        0x3 
 .bss.bot       0x2000231c      0x324 build/robot.o
                0x2000231c                bot
 *(COMMON)
                0x20002640                        . = ALIGN (0x4)
                0x20002640                        _ebss = .
                0x20002640                        __bss_end__ = _ebss

._user_heap_stack
                0x20002640      0x600
                0x20002640                        . = ALIGN (0x8)
                [!provide]                        PROVIDE (end = .)
                0x20002640                        PROVIDE (_end = .)
                0x20002840                        . = (. + _Min_Heap_Size)
 *fill*         0x20002640      0x200 
                0x20002c40                        . = (. + _Min_Stack_Size)
 *fill*         0x20002840      0x400 
                0x20002c40                        . = ALIGN (0x8)

/DISCARD/
 libc.a(*)
 libm.a(*)
 libgcc.a(*)

.ARM.attributes
                0x00000000       0x30
 *(.ARM.attributes)
 .ARM.attributes
                0x00000000       0x22 /usr/lib/gcc/arm-none-eabi/13.2.1/thumb/v7e-m+fp/hard/crti.o
 .ARM.attributes
                0x00000022       0x34 /usr/lib/gcc/arm-none-eabi/13.2.1/thumb/v7e-m+fp/hard/crtbegin.o
 .ARM.attributes
                0x00000056       0x34 build/main.o
 .ARM.attributes
                0x0000008a       0x34 build/gpio.o
 .ARM.attributes
                0x000000be       0x34 build/dma.o
 .ARM.attributes
                0x000000f2       0x34 build/usart.o
 .ARM.attributes
                0x00000126       0x34 build/stm32f4xx_it.o
 .ARM.attributes
                0x0000015a       0x34 build/stm32f4xx_hal_msp.o
 .ARM.attributes
                0x0000018e       0x34 build/stm32f4xx_hal_tim.o
 .ARM.attributes
                0x000001c2       0x34 build/stm32f4xx_hal_tim_ex.o
 .ARM.attributes
                0x000001f6       0x34 build/stm32f4xx_hal_uart.o
 .ARM.attributes
                0x0000022a       0x34 build/stm32f4xx_hal_rcc.o
 .ARM.attributes
                0x0000025e       0x34 build/stm32f4xx_hal_gpio.o
 .ARM.attributes
                0x00000292       0x34 build/stm32f4xx_hal_dma.o
 .ARM.attributes
                0x000002c6       0x34 build/stm32f4xx_hal_cortex.o
 .ARM.attributes
                0x000002fa       0x34 build/stm32f4xx_hal.o
 .ARM.attributes
                0x0000032e       0x34 build/system_stm32f4xx.o
 .ARM.attributes
                0x00000362       0x34 build/sysmem.o
 .ARM.attributes
                0x00000396       0x34 build/syscalls.o
 .ARM.attributes
                0x000003ca       0x34 build/printf_config.o
 .ARM.attributes
                0x000003fe       0x34 build/tim.o
 .ARM.attributes
                0x00000432       0x34 build/usb_device.o
 .ARM.attributes
                0x00000466       0x34 build/usbd_desc.o
 .ARM.attributes
                0x0000049a       0x34 build/usbd_cdc_if.o
 .ARM.attributes
                0x000004ce       0x34 build/usbd_conf.o
 .ARM.attributes
                0x00000502       0x34 build/stm32f4xx_hal_pcd.o
 .ARM.attributes
                0x00000536       0x34 build/stm32f4xx_hal_pcd_ex.o
 .ARM.attributes
                0x0000056a       0x34 build/stm32f4xx_ll_usb.o
 .ARM.attributes
                0x0000059e       0x34 build/usbd_core.o
 .ARM.attributes
                0x000005d2       0x34 build/usbd_ctlreq.o
 .ARM.attributes
                0x00000606       0x34 build/usbd_ioreq.o
 .ARM.attributes
                0x0000063a       0x34 build/usbd_cdc.o
 .ARM.attributes
                0x0000066e       0x21 build/startup_stm32f407xx.o
 .ARM.attributes
                0x0000068f       0x34 build/robot.o
 .ARM.attributes
                0x000006c3       0x34 build/ak60.o
 .ARM.attributes
                0x000006f7       0x34 build/crc16.o
 .ARM.attributes
                0x0000072b       0x34 build/buffer.o
 .ARM.attributes
                0x0000075f       0x34 build/ak60_uart_handle.o
 .ARM.attributes
                0x00000793       0x34 build/bno08.o
 .ARM.attributes
                0x000007c7       0x34 build/encoder.o
 .ARM.attributes
                0x000007fb       0x34 /usr/lib/gcc/arm-none-eabi/13.2.1/../../../arm-none-eabi/lib/thumb/v7e-m+fp/hard/libc_nano.a(libc_a-impure.o)
 .ARM.attributes
                0x0000082f       0x34 /usr/lib/gcc/arm-none-eabi/13.2.1/../../../arm-none-eabi/lib/thumb/v7e-m+fp/hard/libc_nano.a(libc_a-init.o)
 .ARM.attributes
                0x00000863       0x34 /usr/lib/gcc/arm-none-eabi/13.2.1/../../../arm-none-eabi/lib/thumb/v7e-m+fp/hard/libc_nano.a(libc_a-puts.o)
 .ARM.attributes
                0x00000897       0x34 /usr/lib/gcc/arm-none-eabi/13.2.1/../../../arm-none-eabi/lib/thumb/v7e-m+fp/hard/libc_nano.a(libc_a-findfp.o)
 .ARM.attributes
                0x000008cb       0x1c /usr/lib/gcc/arm-none-eabi/13.2.1/../../../arm-none-eabi/lib/thumb/v7e-m+fp/hard/libc_nano.a(libc_a-strlen.o)
 .ARM.attributes
                0x000008e7       0x34 /usr/lib/gcc/arm-none-eabi/13.2.1/../../../arm-none-eabi/lib/thumb/v7e-m+fp/hard/libc_nano.a(libc_a-memset.o)
 .ARM.attributes
                0x0000091b       0x34 /usr/lib/gcc/arm-none-eabi/13.2.1/../../../arm-none-eabi/lib/thumb/v7e-m+fp/hard/libc_nano.a(libc_a-fflush.o)
 .ARM.attributes
                0x0000094f       0x34 /usr/lib/gcc/arm-none-eabi/13.2.1/../../../arm-none-eabi/lib/thumb/v7e-m+fp/hard/libc_nano.a(libc_a-putchar.o)
 .ARM.attributes
                0x00000983       0x34 /usr/lib/gcc/arm-none-eabi/13.2.1/../../../arm-none-eabi/lib/thumb/v7e-m+fp/hard/libc_nano.a(libc_a-errno.o)
 .ARM.attributes
                0x000009b7       0x34 /usr/lib/gcc/arm-none-eabi/13.2.1/../../../arm-none-eabi/lib/thumb/v7e-m+fp/hard/libc_nano.a(libc_a-nano-vfprintf_float.o)
 .ARM.attributes
                0x000009eb       0x34 /usr/lib/gcc/arm-none-eabi/13.2.1/../../../arm-none-eabi/lib/thumb/v7e-m+fp/hard/libc_nano.a(libc_a-mallocr.o)
 .ARM.attributes
                0x00000a1f       0x34 /usr/lib/gcc/arm-none-eabi/13.2.1/../../../arm-none-eabi/lib/thumb/v7e-m+fp/hard/libc_nano.a(libc_a-dtoa.o)
 .ARM.attributes
                0x00000a53       0x34 /usr/lib/gcc/arm-none-eabi/13.2.1/../../../arm-none-eabi/lib/thumb/v7e-m+fp/hard/libc_nano.a(libc_a-freer.o)
 .ARM.attributes
                0x00000a87       0x34 /usr/lib/gcc/arm-none-eabi/13.2.1/../../../arm-none-eabi/lib/thumb/v7e-m+fp/hard/libc_nano.a(libc_a-memmove.o)
 .ARM.attributes
                0x00000abb       0x34 /usr/lib/gcc/arm-none-eabi/13.2.1/../../../arm-none-eabi/lib/thumb/v7e-m+fp/hard/libc_nano.a(libc_a-fwalk.o)
 .ARM.attributes
                0x00000aef       0x1c /usr/lib/gcc/arm-none-eabi/13.2.1/../../../arm-none-eabi/lib/thumb/v7e-m+fp/hard/libc_nano.a(libc_a-memchr.o)
 .ARM.attributes
                0x00000b0b       0x34 /usr/lib/gcc/arm-none-eabi/13.2.1/../../../arm-none-eabi/lib/thumb/v7e-m+fp/hard/libc_nano.a(libc_a-wsetup.o)
 .ARM.attributes
                0x00000b3f       0x20 /usr/lib/gcc/arm-none-eabi/13.2.1/../../../arm-none-eabi/lib/thumb/v7e-m+fp/hard/libc_nano.a(libc_a-memcpy.o)
 .ARM.attributes
                0x00000b5f       0x34 /usr/lib/gcc/arm-none-eabi/13.2.1/../../../arm-none-eabi/lib/thumb/v7e-m+fp/hard/libc_nano.a(libc_a-malloc.o)
 .ARM.attributes
                0x00000b93       0x34 /usr/lib/gcc/arm-none-eabi/13.2.1/../../../arm-none-eabi/lib/thumb/v7e-m+fp/hard/libc_nano.a(libc_a-putc.o)
 .ARM.attributes
                0x00000bc7       0x34 /usr/lib/gcc/arm-none-eabi/13.2.1/../../../arm-none-eabi/lib/thumb/v7e-m+fp/hard/libc_nano.a(libc_a-reallocr.o)
 .ARM.attributes
                0x00000bfb       0x34 /usr/lib/gcc/arm-none-eabi/13.2.1/../../../arm-none-eabi/lib/thumb/v7e-m+fp/hard/libc_nano.a(libc_a-nano-vfprintf_i.o)
 .ARM.attributes
                0x00000c2f       0x34 /usr/lib/gcc/arm-none-eabi/13.2.1/../../../arm-none-eabi/lib/thumb/v7e-m+fp/hard/libc_nano.a(libc_a-mlock.o)
 .ARM.attributes
                0x00000c63       0x34 /usr/lib/gcc/arm-none-eabi/13.2.1/../../../arm-none-eabi/lib/thumb/v7e-m+fp/hard/libc_nano.a(libc_a-makebuf.o)
 .ARM.attributes
                0x00000c97       0x34 /usr/lib/gcc/arm-none-eabi/13.2.1/../../../arm-none-eabi/lib/thumb/v7e-m+fp/hard/libc_nano.a(libc_a-printf.o)
 .ARM.attributes
                0x00000ccb       0x34 /usr/lib/gcc/arm-none-eabi/13.2.1/../../../arm-none-eabi/lib/thumb/v7e-m+fp/hard/libc_nano.a(libc_a-isattyr.o)
 .ARM.attributes
                0x00000cff       0x34 /usr/lib/gcc/arm-none-eabi/13.2.1/../../../arm-none-eabi/lib/thumb/v7e-m+fp/hard/libc_nano.a(libc_a-nano-vfprintf.o)
 .ARM.attributes
                0x00000d33       0x34 /usr/lib/gcc/arm-none-eabi/13.2.1/../../../arm-none-eabi/lib/thumb/v7e-m+fp/hard/libc_nano.a(libc_a-wbuf.o)
 .ARM.attributes
                0x00000d67       0x34 /usr/lib/gcc/arm-none-eabi/13.2.1/../../../arm-none-eabi/lib/thumb/v7e-m+fp/hard/libc_nano.a(libc_a-assert.o)
 .ARM.attributes
                0x00000d9b       0x34 /usr/lib/gcc/arm-none-eabi/13.2.1/../../../arm-none-eabi/lib/thumb/v7e-m+fp/hard/libc_nano.a(libc_a-mprec.o)
 .ARM.attributes
                0x00000dcf       0x34 /usr/lib/gcc/arm-none-eabi/13.2.1/../../../arm-none-eabi/lib/thumb/v7e-m+fp/hard/libc_nano.a(libc_a-sbrkr.o)
 .ARM.attributes
                0x00000e03       0x34 /usr/lib/gcc/arm-none-eabi/13.2.1/../../../arm-none-eabi/lib/thumb/v7e-m+fp/hard/libc_nano.a(libc_a-stdio.o)
 .ARM.attributes
                0x00000e37       0x34 /usr/lib/gcc/arm-none-eabi/13.2.1/../../../arm-none-eabi/lib/thumb/v7e-m+fp/hard/libc_nano.a(libc_a-msizer.o)
 .ARM.attributes
                0x00000e6b       0x34 /usr/lib/gcc/arm-none-eabi/13.2.1/../../../arm-none-eabi/lib/thumb/v7e-m+fp/hard/libc_nano.a(libc_a-localeconv.o)
 .ARM.attributes
                0x00000e9f       0x34 /usr/lib/gcc/arm-none-eabi/13.2.1/../../../arm-none-eabi/lib/thumb/v7e-m+fp/hard/libc_nano.a(libc_a-fvwrite.o)
 .ARM.attributes
                0x00000ed3       0x34 /usr/lib/gcc/arm-none-eabi/13.2.1/../../../arm-none-eabi/lib/thumb/v7e-m+fp/hard/libc_nano.a(libc_a-abort.o)
 .ARM.attributes
                0x00000f07       0x34 /usr/lib/gcc/arm-none-eabi/13.2.1/../../../arm-none-eabi/lib/thumb/v7e-m+fp/hard/libc_nano.a(libc_a-closer.o)
 .ARM.attributes
                0x00000f3b       0x34 /usr/lib/gcc/arm-none-eabi/13.2.1/../../../arm-none-eabi/lib/thumb/v7e-m+fp/hard/libc_nano.a(libc_a-callocr.o)
 .ARM.attributes
                0x00000f6f       0x34 /usr/lib/gcc/arm-none-eabi/13.2.1/../../../arm-none-eabi/lib/thumb/v7e-m+fp/hard/libc_nano.a(libc_a-locale.o)
 .ARM.attributes
                0x00000fa3       0x34 /usr/lib/gcc/arm-none-eabi/13.2.1/../../../arm-none-eabi/lib/thumb/v7e-m+fp/hard/libc_nano.a(libc_a-wctomb_r.o)
 .ARM.attributes
                0x00000fd7       0x34 /usr/lib/gcc/arm-none-eabi/13.2.1/../../../arm-none-eabi/lib/thumb/v7e-m+fp/hard/libc_nano.a(libc_a-readr.o)
 .ARM.attributes
                0x0000100b       0x34 /usr/lib/gcc/arm-none-eabi/13.2.1/../../../arm-none-eabi/lib/thumb/v7e-m+fp/hard/libc_nano.a(libc_a-fprintf.o)
 .ARM.attributes
                0x0000103f       0x34 /usr/lib/gcc/arm-none-eabi/13.2.1/../../../arm-none-eabi/lib/thumb/v7e-m+fp/hard/libc_nano.a(libc_a-reent.o)
 .ARM.attributes
                0x00001073       0x34 /usr/lib/gcc/arm-none-eabi/13.2.1/../../../arm-none-eabi/lib/thumb/v7e-m+fp/hard/libc_nano.a(libc_a-fstatr.o)
 .ARM.attributes
                0x000010a7       0x34 /usr/lib/gcc/arm-none-eabi/13.2.1/../../../arm-none-eabi/lib/thumb/v7e-m+fp/hard/libc_nano.a(libc_a-lseekr.o)
 .ARM.attributes
                0x000010db       0x34 /usr/lib/gcc/arm-none-eabi/13.2.1/../../../arm-none-eabi/lib/thumb/v7e-m+fp/hard/libc_nano.a(libc_a-ctype_.o)
 .ARM.attributes
                0x0000110f       0x34 /usr/lib/gcc/arm-none-eabi/13.2.1/../../../arm-none-eabi/lib/thumb/v7e-m+fp/hard/libc_nano.a(libc_a-writer.o)
 .ARM.attributes
                0x00001143       0x34 /usr/lib/gcc/arm-none-eabi/13.2.1/../../../arm-none-eabi/lib/thumb/v7e-m+fp/hard/libc_nano.a(libc_a-mbtowc_r.o)
 .ARM.attributes
                0x00001177       0x34 /usr/lib/gcc/arm-none-eabi/13.2.1/../../../arm-none-eabi/lib/thumb/v7e-m+fp/hard/libc_nano.a(libc_a-signal.o)
 .ARM.attributes
                0x000011ab       0x34 /usr/lib/gcc/arm-none-eabi/13.2.1/../../../arm-none-eabi/lib/thumb/v7e-m+fp/hard/libc_nano.a(libc_a-signalr.o)
 .ARM.attributes
                0x000011df       0x22 /usr/lib/gcc/arm-none-eabi/13.2.1/thumb/v7e-m+fp/hard/libgcc.a(_arm_addsubdf3.o)
 .ARM.attributes
                0x00001201       0x22 /usr/lib/gcc/arm-none-eabi/13.2.1/thumb/v7e-m+fp/hard/libgcc.a(_arm_muldivdf3.o)
 .ARM.attributes
                0x00001223       0x22 /usr/lib/gcc/arm-none-eabi/13.2.1/thumb/v7e-m+fp/hard/libgcc.a(_arm_cmpdf2.o)
 .ARM.attributes
                0x00001245       0x22 /usr/lib/gcc/arm-none-eabi/13.2.1/thumb/v7e-m+fp/hard/libgcc.a(_arm_unorddf2.o)
 .ARM.attributes
                0x00001267       0x22 /usr/lib/gcc/arm-none-eabi/13.2.1/thumb/v7e-m+fp/hard/libgcc.a(_arm_fixdfsi.o)
 .ARM.attributes
                0x00001289       0x22 /usr/lib/gcc/arm-none-eabi/13.2.1/thumb/v7e-m+fp/hard/libgcc.a(_arm_truncdfsf2.o)
 .ARM.attributes
                0x000012ab       0x22 /usr/lib/gcc/arm-none-eabi/13.2.1/thumb/v7e-m+fp/hard/libgcc.a(_aeabi_uldivmod.o)
 .ARM.attributes
                0x000012cd       0x34 /usr/lib/gcc/arm-none-eabi/13.2.1/thumb/v7e-m+fp/hard/libgcc.a(_udivmoddi4.o)
 .ARM.attributes
                0x00001301       0x22 /usr/lib/gcc/arm-none-eabi/13.2.1/thumb/v7e-m+fp/hard/libgcc.a(_dvmd_tls.o)
 .ARM.attributes
                0x00001323       0x34 /usr/lib/gcc/arm-none-eabi/13.2.1/thumb/v7e-m+fp/hard/crtend.o
 .ARM.attributes
                0x00001357       0x22 /usr/lib/gcc/arm-none-eabi/13.2.1/thumb/v7e-m+fp/hard/crtn.o
OUTPUT(build/cubemars.elf elf32-littlearm)
LOAD linker stubs
LOAD /usr/lib/gcc/arm-none-eabi/13.2.1/../../../arm-none-eabi/lib/thumb/v7e-m+fp/hard/libc.a
LOAD /usr/lib/gcc/arm-none-eabi/13.2.1/../../../arm-none-eabi/lib/thumb/v7e-m+fp/hard/libm.a
LOAD /usr/lib/gcc/arm-none-eabi/13.2.1/thumb/v7e-m+fp/hard/libgcc.a

.comment        0x00000000       0x26
 .comment       0x00000000       0x26 /usr/lib/gcc/arm-none-eabi/13.2.1/thumb/v7e-m+fp/hard/crtbegin.o
                                 0x27 (size before relaxing)
 .comment       0x00000026       0x27 build/main.o
 .comment       0x00000026       0x27 build/gpio.o
 .comment       0x00000026       0x27 build/dma.o
 .comment       0x00000026       0x27 build/usart.o
 .comment       0x00000026       0x27 build/stm32f4xx_it.o
 .comment       0x00000026       0x27 build/stm32f4xx_hal_msp.o
 .comment       0x00000026       0x27 build/stm32f4xx_hal_tim.o
 .comment       0x00000026       0x27 build/stm32f4xx_hal_tim_ex.o
 .comment       0x00000026       0x27 build/stm32f4xx_hal_uart.o
 .comment       0x00000026       0x27 build/stm32f4xx_hal_rcc.o
 .comment       0x00000026       0x27 build/stm32f4xx_hal_gpio.o
 .comment       0x00000026       0x27 build/stm32f4xx_hal_dma.o
 .comment       0x00000026       0x27 build/stm32f4xx_hal_cortex.o
 .comment       0x00000026       0x27 build/stm32f4xx_hal.o
 .comment       0x00000026       0x27 build/system_stm32f4xx.o
 .comment       0x00000026       0x27 build/sysmem.o
 .comment       0x00000026       0x27 build/syscalls.o
 .comment       0x00000026       0x27 build/printf_config.o
 .comment       0x00000026       0x27 build/tim.o
 .comment       0x00000026       0x27 build/usb_device.o
 .comment       0x00000026       0x27 build/usbd_desc.o
 .comment       0x00000026       0x27 build/usbd_cdc_if.o
 .comment       0x00000026       0x27 build/usbd_conf.o
 .comment       0x00000026       0x27 build/stm32f4xx_hal_pcd.o
 .comment       0x00000026       0x27 build/stm32f4xx_hal_pcd_ex.o
 .comment       0x00000026       0x27 build/stm32f4xx_ll_usb.o
 .comment       0x00000026       0x27 build/usbd_core.o
 .comment       0x00000026       0x27 build/usbd_ctlreq.o
 .comment       0x00000026       0x27 build/usbd_ioreq.o
 .comment       0x00000026       0x27 build/usbd_cdc.o
 .comment       0x00000026       0x27 build/robot.o
 .comment       0x00000026       0x27 build/ak60.o
 .comment       0x00000026       0x27 build/crc16.o
 .comment       0x00000026       0x27 build/buffer.o
 .comment       0x00000026       0x27 build/ak60_uart_handle.o
 .comment       0x00000026       0x27 build/bno08.o
 .comment       0x00000026       0x27 build/encoder.o
 .comment       0x00000026       0x27 /usr/lib/gcc/arm-none-eabi/13.2.1/../../../arm-none-eabi/lib/thumb/v7e-m+fp/hard/libc_nano.a(libc_a-impure.o)
 .comment       0x00000026       0x27 /usr/lib/gcc/arm-none-eabi/13.2.1/../../../arm-none-eabi/lib/thumb/v7e-m+fp/hard/libc_nano.a(libc_a-init.o)
 .comment       0x00000026       0x27 /usr/lib/gcc/arm-none-eabi/13.2.1/../../../arm-none-eabi/lib/thumb/v7e-m+fp/hard/libc_nano.a(libc_a-puts.o)
 .comment       0x00000026       0x27 /usr/lib/gcc/arm-none-eabi/13.2.1/../../../arm-none-eabi/lib/thumb/v7e-m+fp/hard/libc_nano.a(libc_a-findfp.o)
 .comment       0x00000026       0x27 /usr/lib/gcc/arm-none-eabi/13.2.1/../../../arm-none-eabi/lib/thumb/v7e-m+fp/hard/libc_nano.a(libc_a-memset.o)
 .comment       0x00000026       0x27 /usr/lib/gcc/arm-none-eabi/13.2.1/../../../arm-none-eabi/lib/thumb/v7e-m+fp/hard/libc_nano.a(libc_a-fflush.o)
 .comment       0x00000026       0x27 /usr/lib/gcc/arm-none-eabi/13.2.1/../../../arm-none-eabi/lib/thumb/v7e-m+fp/hard/libc_nano.a(libc_a-putchar.o)
 .comment       0x00000026       0x27 /usr/lib/gcc/arm-none-eabi/13.2.1/../../../arm-none-eabi/lib/thumb/v7e-m+fp/hard/libc_nano.a(libc_a-errno.o)
 .comment       0x00000026       0x27 /usr/lib/gcc/arm-none-eabi/13.2.1/../../../arm-none-eabi/lib/thumb/v7e-m+fp/hard/libc_nano.a(libc_a-nano-vfprintf_float.o)
 .comment       0x00000026       0x27 /usr/lib/gcc/arm-none-eabi/13.2.1/../../../arm-none-eabi/lib/thumb/v7e-m+fp/hard/libc_nano.a(libc_a-mallocr.o)
 .comment       0x00000026       0x27 /usr/lib/gcc/arm-none-eabi/13.2.1/../../../arm-none-eabi/lib/thumb/v7e-m+fp/hard/libc_nano.a(libc_a-dtoa.o)
 .comment       0x00000026       0x27 /usr/lib/gcc/arm-none-eabi/13.2.1/../../../arm-none-eabi/lib/thumb/v7e-m+fp/hard/libc_nano.a(libc_a-freer.o)
 .comment       0x00000026       0x27 /usr/lib/gcc/arm-none-eabi/13.2.1/../../../arm-none-eabi/lib/thumb/v7e-m+fp/hard/libc_nano.a(libc_a-memmove.o)
 .comment       0x00000026       0x27 /usr/lib/gcc/arm-none-eabi/13.2.1/../../../arm-none-eabi/lib/thumb/v7e-m+fp/hard/libc_nano.a(libc_a-fwalk.o)
 .comment       0x00000026       0x27 /usr/lib/gcc/arm-none-eabi/13.2.1/../../../arm-none-eabi/lib/thumb/v7e-m+fp/hard/libc_nano.a(libc_a-wsetup.o)
 .comment       0x00000026       0x27 /usr/lib/gcc/arm-none-eabi/13.2.1/../../../arm-none-eabi/lib/thumb/v7e-m+fp/hard/libc_nano.a(libc_a-malloc.o)
 .comment       0x00000026       0x27 /usr/lib/gcc/arm-none-eabi/13.2.1/../../../arm-none-eabi/lib/thumb/v7e-m+fp/hard/libc_nano.a(libc_a-putc.o)
 .comment       0x00000026       0x27 /usr/lib/gcc/arm-none-eabi/13.2.1/../../../arm-none-eabi/lib/thumb/v7e-m+fp/hard/libc_nano.a(libc_a-reallocr.o)
 .comment       0x00000026       0x27 /usr/lib/gcc/arm-none-eabi/13.2.1/../../../arm-none-eabi/lib/thumb/v7e-m+fp/hard/libc_nano.a(libc_a-nano-vfprintf_i.o)
 .comment       0x00000026       0x27 /usr/lib/gcc/arm-none-eabi/13.2.1/../../../arm-none-eabi/lib/thumb/v7e-m+fp/hard/libc_nano.a(libc_a-mlock.o)
 .comment       0x00000026       0x27 /usr/lib/gcc/arm-none-eabi/13.2.1/../../../arm-none-eabi/lib/thumb/v7e-m+fp/hard/libc_nano.a(libc_a-makebuf.o)
 .comment       0x00000026       0x27 /usr/lib/gcc/arm-none-eabi/13.2.1/../../../arm-none-eabi/lib/thumb/v7e-m+fp/hard/libc_nano.a(libc_a-printf.o)
 .comment       0x00000026       0x27 /usr/lib/gcc/arm-none-eabi/13.2.1/../../../arm-none-eabi/lib/thumb/v7e-m+fp/hard/libc_nano.a(libc_a-isattyr.o)